1759888842.063 HIGH_CMD [0, 0]
1759888842.063 EKF_PRE (0.0, 0.0, 0.0)
1759888842.092 DRIVE_OUT <util.measure.Drive object at 0x000002287FA21C00>
1759888842.098 EKF_POST (0.0, 0.0, 0.0)
1759888843.928 HIGH_CMD [0, 0]
1759888843.928 EKF_PRE (0.0, 0.0, 0.0)
1759888843.952 DRIVE_OUT <util.measure.Drive object at 0x00000227557D59F0>
1759888843.957 EKF_POST (0.0, 0.0, 0.0)
1759888844.060 HIGH_CMD [0, 0]
1759888844.061 EKF_PRE (0.0, 0.0, 0.0)
1759888844.082 DRIVE_OUT <util.measure.Drive object at 0x000002287FA211B0>
1759888844.089 EKF_POST (0.0, 0.0, 0.0)
1759888844.194 HIGH_CMD [0, 0]
1759888844.194 EKF_PRE (0.0, 0.0, 0.0)
1759888844.218 DRIVE_OUT <util.measure.Drive object at 0x00000227557D59F0>
1759888844.222 EKF_POST (0.0, 0.0, 0.0)
1759888844.327 HIGH_CMD [0, 0]
1759888844.327 EKF_PRE (0.0, 0.0, 0.0)
1759888844.350 DRIVE_OUT <util.measure.Drive object at 0x00000227557D5030>
1759888844.356 EKF_POST (0.0, 0.0, 0.0)
1759888844.494 HIGH_CMD [0, 0]
1759888844.494 EKF_PRE (0.0, 0.0, 0.0)
1759888844.528 DRIVE_OUT <util.measure.Drive object at 0x00000227557D59F0>
1759888844.533 EKF_POST (0.0, 0.0, 0.0)
1759888844.658 HIGH_CMD [0, 0]
1759888844.659 EKF_PRE (0.0, 0.0, 0.0)
1759888844.680 DRIVE_OUT <util.measure.Drive object at 0x00000227557D5030>
1759888844.686 EKF_POST (0.0, 0.0, 0.0)
1759888844.794 HIGH_CMD [0, 0]
1759888844.794 EKF_PRE (0.0, 0.0, 0.0)
1759888844.827 DRIVE_OUT <util.measure.Drive object at 0x00000227557D59F0>
1759888844.832 EKF_POST (0.0, 0.0, 0.0)
1759888844.959 HIGH_CMD [0, 0]
1759888844.959 EKF_PRE (0.0, 0.0, 0.0)
1759888844.980 DRIVE_OUT <util.measure.Drive object at 0x00000227557D5030>
1759888844.985 EKF_POST (0.0, 0.0, 0.0)
1759888845.097 HIGH_CMD [0, 0]
1759888845.097 EKF_PRE (0.0, 0.0, 0.0)
1759888845.126 DRIVE_OUT <util.measure.Drive object at 0x00000227557D59F0>
1759888845.132 EKF_POST (0.0, 0.0, 0.0)
1759888845.260 HIGH_CMD [0, 0]
1759888845.260 EKF_PRE (0.0, 0.0, 0.0)
1759888845.288 DRIVE_OUT <util.measure.Drive object at 0x00000227557D5030>
1759888845.294 EKF_POST (0.0, 0.0, 0.0)
1759888845.427 HIGH_CMD [0, 0]
1759888845.429 EKF_PRE (0.0, 0.0, 0.0)
1759888845.458 DRIVE_OUT <util.measure.Drive object at 0x00000227557D59F0>
1759888845.465 EKF_POST (1.0566220375269465e-21, 8.576713060525921e-21, -0.12266546257015554)
1759888845.597 HIGH_CMD [0, -1]
1759888845.652 EKF_PRE (1.0566220375269465e-21, 8.576713060525921e-21, -0.12266546257015554)
1759888845.676 DRIVE_OUT <util.measure.Drive object at 0x000002287EC92260>
1759888845.683 EKF_POST (0.00010690787499842503, 0.0003876692868843811, -0.2824173115166544)
1759888845.792 HIGH_CMD [0, -1]
1759888845.793 EKF_PRE (0.00010690787499842503, 0.0003876692868843811, -0.2824173115166544)
1759888845.816 DRIVE_OUT <util.measure.Drive object at 0x00000227557D5030>
1759888845.823 EKF_POST (0.0002703677870156584, 0.0011362965691584848, -0.3844340898315388)
1759888845.927 HIGH_CMD [0, -1]
1759888845.927 EKF_PRE (0.0002703677870156584, 0.0011362965691584848, -0.3844340898315388)
1759888845.948 DRIVE_OUT <util.measure.Drive object at 0x000002287EC90460>
1759888845.952 EKF_POST (0.0002703677870156584, 0.0011362965691584848, -0.4805777601865957)
1759888846.060 HIGH_CMD [0, -1]
1759888846.060 EKF_PRE (0.0002703677870156584, 0.0011362965691584848, -0.4805777601865957)
1759888846.084 DRIVE_OUT <util.measure.Drive object at 0x00000227557D59F0>
1759888846.088 EKF_POST (0.0002703677870156584, 0.0011362965691584848, -0.38136987028304503)
1759888846.227 HIGH_CMD [0, 1]
1759888846.227 EKF_PRE (0.0002703677870156584, 0.0011362965691584848, -0.38136987028304503)
1759888846.248 DRIVE_OUT <util.measure.Drive object at 0x00000227557D5030>
1759888846.256 EKF_POST (-0.00012758652488450414, -0.001990977570394462, -0.26399296423005403)
1759888846.392 HIGH_CMD [0, 1]
1759888846.393 EKF_PRE (-0.00012758652488450414, -0.001990977570394462, -0.26399296423005403)
1759888846.419 DRIVE_OUT <util.measure.Drive object at 0x00000227557D59F0>
1759888846.426 EKF_POST (0.02163545286251911, -0.010679486571819045, -0.2658429730838181)
1759888846.559 HIGH_CMD [1, 0]
1759888846.559 EKF_PRE (0.02163545286251911, -0.010679486571819045, -0.2658429730838181)
1759888846.582 DRIVE_OUT <util.measure.Drive object at 0x00000227557D5030>
1759888846.587 EKF_POST (0.042104930474928075, -0.01791988150682259, -0.2668659185057001)
1759888846.693 HIGH_CMD [1, 0]
1759888846.693 EKF_PRE (0.042104930474928075, -0.01791988150682259, -0.2668659185057001)
1759888846.717 DRIVE_OUT <util.measure.Drive object at 0x00000227557D59F0>
1759888846.724 EKF_POST (0.05865267508793088, -0.023033040940729388, -0.26713272912222896)
1759888846.859 HIGH_CMD [1, 0]
1759888846.859 EKF_PRE (0.05865267508793088, -0.023033040940729388, -0.26713272912222896)
1759888846.895 DRIVE_OUT <util.measure.Drive object at 0x00000227557D5030>
1759888846.900 EKF_POST (0.05806114616112607, -0.02470273300167552, -0.13914649561946213)
1759888847.026 HIGH_CMD [0, 1]
1759888847.026 EKF_PRE (0.05806114616112607, -0.02470273300167552, -0.13914649561946213)
1759888847.051 DRIVE_OUT <util.measure.Drive object at 0x00000227557D59F0>
1759888847.056 EKF_POST (0.07923224386540734, -0.02971302499644431, -0.1404977410987378)
1759888847.160 HIGH_CMD [1, 0]
1759888847.160 EKF_PRE (0.07923224386540734, -0.02971302499644431, -0.1404977410987378)
1759888847.183 DRIVE_OUT <util.measure.Drive object at 0x00000227557D5030>
1759888847.190 EKF_POST (0.0965342459780959, -0.03367984373358551, -0.1414517402795954)
1759888847.325 HIGH_CMD [1, 0]
1759888847.325 EKF_PRE (0.0965342459780959, -0.03367984373358551, -0.1414517402795954)
1759888847.351 DRIVE_OUT <util.measure.Drive object at 0x00000227557D59F0>
1759888847.359 EKF_POST (0.11811109886063066, -0.03741696282986652, -0.1418147092506188)
1759888847.459 HIGH_CMD [1, 0]
1759888847.459 EKF_PRE (0.11811109886063066, -0.03741696282986652, -0.1418147092506188)
1759888847.482 DRIVE_OUT <util.measure.Drive object at 0x00000227557D5030>
1759888847.489 EKF_POST (0.135246522601965, -0.04005826666032404, -0.14191198032421992)
1759888847.592 HIGH_CMD [1, 0]
1759888847.594 EKF_PRE (0.135246522601965, -0.04005826666032404, -0.14191198032421992)
1759888847.621 DRIVE_OUT <util.measure.Drive object at 0x000002287EC92DA0>
1759888847.627 EKF_POST (0.15355402233728116, -0.042927178522923944, -0.142039190740745)
1759888847.758 HIGH_CMD [1, 0]
1759888847.758 EKF_PRE (0.15355402233728116, -0.042927178522923944, -0.142039190740745)
1759888847.778 DRIVE_OUT <util.measure.Drive object at 0x000002287FA239D0>
1759888847.786 EKF_POST (0.1743926082455109, -0.04620627841843242, -0.14220043798641013)
1759888847.893 HIGH_CMD [1, 0]
1759888847.950 EKF_PRE (0.1743926082455109, -0.04620627841843242, -0.14220043798641013)
1759888847.975 DRIVE_OUT <util.measure.Drive object at 0x00000227557D5030>
1759888847.982 EKF_POST (0.1998968354446117, -0.050307861311198666, -0.1424165996902147)
1759888848.091 HIGH_CMD [1, 0]
1759888848.092 EKF_PRE (0.1998968354446117, -0.050307861311198666, -0.1424165996902147)
1759888848.112 DRIVE_OUT <util.measure.Drive object at 0x000002287FA239D0>
1759888848.120 EKF_POST (0.218144743344325, -0.053417617254145525, -0.1426790347367084)
1759888848.224 HIGH_CMD [1, 0]
1759888848.225 EKF_PRE (0.218144743344325, -0.053417617254145525, -0.1426790347367084)
1759888848.249 DRIVE_OUT <util.measure.Drive object at 0x000002287FA23130>
1759888848.256 EKF_POST (0.23637011484137208, -0.056536359062226815, -0.14294525167440275)
1759888848.359 HIGH_CMD [1, 0]
1759888848.359 EKF_PRE (0.23637011484137208, -0.056536359062226815, -0.14294525167440275)
1759888848.380 DRIVE_OUT <util.measure.Drive object at 0x000002287FA239D0>
1759888848.387 EKF_POST (0.253701519877027, -0.05946854133693226, -0.14317088666214106)
1759888848.493 HIGH_CMD [1, 0]
1759888848.493 EKF_PRE (0.253701519877027, -0.05946854133693226, -0.14317088666214106)
1759888848.521 DRIVE_OUT <util.measure.Drive object at 0x000002287FA23130>
1759888848.526 EKF_POST (0.27236821682145745, -0.06275967550267691, -0.1434674067128774)
1759888848.659 HIGH_CMD [1, 0]
1759888848.659 EKF_PRE (0.27236821682145745, -0.06275967550267691, -0.1434674067128774)
1759888848.679 DRIVE_OUT <util.measure.Drive object at 0x000002287FA239D0>
1759888848.685 EKF_POST (0.29352734500666294, -0.06660130356872905, -0.14386450344785784)
1759888848.791 HIGH_CMD [1, 0]
1759888848.791 EKF_PRE (0.29352734500666294, -0.06660130356872905, -0.14386450344785784)
1759888848.821 DRIVE_OUT <util.measure.Drive object at 0x000002287FA23130>
1759888848.829 EKF_POST (0.312339978177891, -0.07004731017334244, -0.14420528769043317)
1759888848.958 HIGH_CMD [1, 0]
1759888848.959 EKF_PRE (0.312339978177891, -0.07004731017334244, -0.14420528769043317)
1759888848.979 DRIVE_OUT <util.measure.Drive object at 0x000002287FA239D0>
1759888848.986 EKF_POST (0.3335852106332386, -0.07378518690766536, -0.14452147557610306)
1759888849.092 HIGH_CMD [1, 0]
1759888849.092 EKF_PRE (0.3335852106332386, -0.07378518690766536, -0.14452147557610306)
1759888849.119 DRIVE_OUT <util.measure.Drive object at 0x00000227557D5030>
1759888849.125 EKF_POST (0.3340942931231873, -0.07593889032723292, -0.04323068104641914)
1759888849.259 HIGH_CMD [0, 1]
1759888849.260 EKF_PRE (0.3340942931231873, -0.07593889032723292, -0.04323068104641914)
1759888849.281 DRIVE_OUT <util.measure.Drive object at 0x000002287FA239D0>
1759888849.288 EKF_POST (0.356626557054708, -0.07891312832913339, -0.044163230439782986)
1759888849.393 HIGH_CMD [1, 0]
1759888849.393 EKF_PRE (0.356626557054708, -0.07891312832913339, -0.044163230439782986)
1759888849.421 DRIVE_OUT <util.measure.Drive object at 0x00000227557D5030>
1759888849.427 EKF_POST (0.3757893140889584, -0.08085619485051435, -0.04464946061841646)
1759888849.523 HIGH_CMD [1, 0]
1759888849.523 EKF_PRE (0.3757893140889584, -0.08085619485051435, -0.04464946061841646)
1759888849.545 DRIVE_OUT <util.measure.Drive object at 0x000002287FA239D0>
1759888849.551 EKF_POST (0.39216860964617584, -0.08192885289942038, -0.04478233742498228)
1759888849.657 HIGH_CMD [1, 0]
1759888849.659 EKF_PRE (0.39216860964617584, -0.08192885289942038, -0.04478233742498228)
1759888849.687 DRIVE_OUT <util.measure.Drive object at 0x00000227558B79A0>
1759888849.693 EKF_POST (0.3923238716812281, -0.08339352706761309, 0.05674738901018195)
1759888849.825 HIGH_CMD [0, 1]
1759888849.825 EKF_PRE (0.3923238716812281, -0.08339352706761309, 0.05674738901018195)
1759888849.852 DRIVE_OUT <util.measure.Drive object at 0x000002287FA239D0>
1759888849.860 EKF_POST (0.4156026243058189, -0.08348828890932398, 0.05617311749416265)
1759888849.989 HIGH_CMD [1, 0]
1759888849.989 EKF_PRE (0.4156026243058189, -0.08348828890932398, 0.05617311749416265)
1759888850.014 DRIVE_OUT <util.measure.Drive object at 0x000002287FA23130>
1759888850.019 EKF_POST (0.43735307663969963, -0.0827843796595895, 0.05596748298493015)
1759888850.125 HIGH_CMD [1, 0]
1759888850.125 EKF_PRE (0.43735307663969963, -0.0827843796595895, 0.05596748298493015)
1759888850.150 DRIVE_OUT <util.measure.Drive object at 0x000002287FA239D0>
1759888850.155 EKF_POST (0.45523053863571944, -0.08165626794545376, 0.056012094000672086)
1759888850.292 HIGH_CMD [1, 0]
1759888850.292 EKF_PRE (0.45523053863571944, -0.08165626794545376, 0.056012094000672086)
1759888850.319 DRIVE_OUT <util.measure.Drive object at 0x000002287FA23130>
1759888850.324 EKF_POST (0.4776309088059013, -0.08031937980397266, 0.05603922810235051)
1759888850.425 HIGH_CMD [1, 0]
1759888850.425 EKF_PRE (0.4776309088059013, -0.08031937980397266, 0.05603922810235051)
1759888850.452 DRIVE_OUT <util.measure.Drive object at 0x000002287FA239D0>
1759888850.459 EKF_POST (0.4954835599083794, -0.07939325419697905, 0.056010565210890206)
1759888850.557 HIGH_CMD [1, 0]
1759888850.557 EKF_PRE (0.4954835599083794, -0.07939325419697905, 0.056010565210890206)
1759888850.588 DRIVE_OUT <util.measure.Drive object at 0x000002287FA23130>
1759888850.593 EKF_POST (0.5136298988104417, -0.07852776053306926, 0.055956238890973786)
1759888850.691 HIGH_CMD [1, 0]
1759888850.691 EKF_PRE (0.5136298988104417, -0.07852776053306926, 0.055956238890973786)
1759888850.713 DRIVE_OUT <util.measure.Drive object at 0x000002287FA239D0>
1759888850.717 EKF_POST (0.5141124715062202, -0.07942915461232904, 0.14711433153936415)
1759888850.825 HIGH_CMD [0, 1]
1759888850.825 EKF_PRE (0.5141124715062202, -0.07942915461232904, 0.14711433153936415)
1759888850.855 DRIVE_OUT <util.measure.Drive object at 0x000002287FA23130>
1759888850.862 EKF_POST (0.5155791957843242, -0.08092859295011112, 0.25010711785169715)
1759888850.993 HIGH_CMD [0, 1]
1759888850.993 EKF_PRE (0.5155791957843242, -0.08092859295011112, 0.25010711785169715)
1759888851.016 DRIVE_OUT <util.measure.Drive object at 0x000002287FA239D0>
1759888851.021 EKF_POST (0.5175589776973532, -0.08262683410518915, 0.36692226859390953)
1759888851.124 HIGH_CMD [0, 1]
1759888851.124 EKF_PRE (0.5175589776973532, -0.08262683410518915, 0.36692226859390953)
1759888851.149 DRIVE_OUT <util.measure.Drive object at 0x000002287FA23130>
1759888851.153 EKF_POST (0.5192509855101989, -0.08429694929381738, 0.46323990718573693)
1759888851.257 HIGH_CMD [0, 1]
1759888851.257 EKF_PRE (0.5192509855101989, -0.08429694929381738, 0.46323990718573693)
1759888851.279 DRIVE_OUT <util.measure.Drive object at 0x000002287FA239D0>
1759888851.282 EKF_POST (0.5192509855101989, -0.08429694929381738, 0.5586946411061593)
1759888851.390 HIGH_CMD [0, 1]
1759888851.391 EKF_PRE (0.5192509855101989, -0.08429694929381738, 0.5586946411061593)
1759888851.417 DRIVE_OUT <util.measure.Drive object at 0x000002287FA23130>
1759888851.421 EKF_POST (0.5192509855101989, -0.08429694929381738, 0.6589171559708644)
1759888851.525 HIGH_CMD [0, 1]
1759888851.525 EKF_PRE (0.5192509855101989, -0.08429694929381738, 0.6589171559708644)
1759888851.549 DRIVE_OUT <util.measure.Drive object at 0x000002287FA239D0>
1759888851.555 EKF_POST (0.5192509855101989, -0.08429694929381738, 0.7556156966345835)
1759888851.659 HIGH_CMD [0, 1]
1759888851.661 EKF_PRE (0.5192509855101989, -0.08429694929381738, 0.7556156966345835)
1759888851.687 DRIVE_OUT <util.measure.Drive object at 0x000002287FA23130>
1759888851.692 EKF_POST (0.5192509855101989, -0.08429694929381738, 0.8560706971159231)
1759888851.826 HIGH_CMD [0, 1]
1759888851.826 EKF_PRE (0.5192509855101989, -0.08429694929381738, 0.8560706971159231)
1759888851.848 DRIVE_OUT <util.measure.Drive object at 0x000002287EC92260>
1759888851.852 EKF_POST (0.5192509855101989, -0.08429694929381738, 0.9735107107216141)
1759888851.958 HIGH_CMD [0, 1]
1759888851.958 EKF_PRE (0.5192509855101989, -0.08429694929381738, 0.9735107107216141)
1759888851.984 DRIVE_OUT <util.measure.Drive object at 0x000002287FA23130>
1759888851.989 EKF_POST (0.5192509855101989, -0.08429694929381738, 1.0723993458816032)
1759888852.091 HIGH_CMD [0, 1]
1759888852.091 EKF_PRE (0.5192509855101989, -0.08429694929381738, 1.0723993458816032)
1759888852.116 DRIVE_OUT <util.measure.Drive object at 0x000002287FA239D0>
1759888852.122 EKF_POST (0.5192509855101989, -0.08429694929381738, 1.1689479967909921)
1759888852.224 HIGH_CMD [0, 1]
1759888852.224 EKF_PRE (0.5192509855101989, -0.08429694929381738, 1.1689479967909921)
1759888852.247 DRIVE_OUT <util.measure.Drive object at 0x000002287EC92260>
1759888852.251 EKF_POST (0.5192509855101989, -0.08429694929381738, 1.2642109344248418)
1759888852.358 HIGH_CMD [0, 1]
1759888852.358 EKF_PRE (0.5192509855101989, -0.08429694929381738, 1.2642109344248418)
1759888852.388 DRIVE_OUT <util.measure.Drive object at 0x000002287FA239D0>
1759888852.392 EKF_POST (0.5192509855101989, -0.08429694929381738, 1.3665479033645482)
1759888852.524 HIGH_CMD [0, 1]
1759888852.524 EKF_PRE (0.5192509855101989, -0.08429694929381738, 1.3665479033645482)
1759888852.549 DRIVE_OUT <util.measure.Drive object at 0x000002287FA23130>
1759888852.552 EKF_POST (0.5192509855101989, -0.08429694929381738, 1.4842348351270243)
1759888852.658 HIGH_CMD [0, 1]
1759888852.659 EKF_PRE (0.5192509855101989, -0.08429694929381738, 1.4842348351270243)
1759888852.683 DRIVE_OUT <util.measure.Drive object at 0x000002287FA239D0>
1759888852.687 EKF_POST (0.5192509855101989, -0.08429694929381738, 1.5819942544347878)
1759888852.789 HIGH_CMD [0, 1]
1759888852.789 EKF_PRE (0.5192509855101989, -0.08429694929381738, 1.5819942544347878)
1759888852.814 DRIVE_OUT <util.measure.Drive object at 0x000002287FA23130>
1759888852.817 EKF_POST (0.5192509855101989, -0.08429694929381738, 1.6778435357479875)
1759888852.924 HIGH_CMD [0, 1]
1759888852.924 EKF_PRE (0.5192509855101989, -0.08429694929381738, 1.6778435357479875)
1759888852.948 DRIVE_OUT <util.measure.Drive object at 0x000002287EC92260>
1759888852.952 EKF_POST (0.5192509855101989, -0.08429694929381738, 1.7753798592845156)
1759888853.055 HIGH_CMD [0, 1]
1759888853.055 EKF_PRE (0.5192509855101989, -0.08429694929381738, 1.7753798592845156)
1759888853.080 DRIVE_OUT <util.measure.Drive object at 0x000002287FA239D0>
1759888853.083 EKF_POST (0.5192509855101989, -0.08429694929381738, 1.8715221385513647)
1759888853.190 HIGH_CMD [0, 1]
1759888853.191 EKF_PRE (0.5192509855101989, -0.08429694929381738, 1.8715221385513647)
1759888853.214 DRIVE_OUT <util.measure.Drive object at 0x000002287EC92260>
1759888853.219 EKF_POST (0.5192509855101989, -0.08429694929381738, 1.969929283305624)
1759888853.323 HIGH_CMD [0, 1]
1759888853.324 EKF_PRE (0.5192509855101989, -0.08429694929381738, 1.969929283305624)
1759888853.346 DRIVE_OUT <util.measure.Drive object at 0x000002287FA23130>
1759888853.349 EKF_POST (0.5192509855101989, -0.08429694929381738, 2.06541653391289)
1759888853.457 HIGH_CMD [0, 1]
1759888853.457 EKF_PRE (0.5192509855101989, -0.08429694929381738, 2.06541653391289)
1759888853.482 DRIVE_OUT <util.measure.Drive object at 0x000002287EC92260>
1759888853.486 EKF_POST (0.5192509855101989, -0.08429694929381738, 2.164789963313101)
1759888853.623 HIGH_CMD [0, 1]
1759888853.623 EKF_PRE (0.5192509855101989, -0.08429694929381738, 2.164789963313101)
1759888853.647 DRIVE_OUT <util.measure.Drive object at 0x000002287FA23130>
1759888853.652 EKF_POST (0.5192509855101989, -0.08429694929381738, 2.2851603042273396)
1759888853.756 HIGH_CMD [0, 1]
1759888853.757 EKF_PRE (0.5192509855101989, -0.08429694929381738, 2.2851603042273396)
1759888853.780 DRIVE_OUT <util.measure.Drive object at 0x000002287FA239D0>
1759888853.784 EKF_POST (0.5192509855101989, -0.08429694929381738, 2.382554388994677)
1759888853.890 HIGH_CMD [0, 1]
1759888853.892 EKF_PRE (0.5192509855101989, -0.08429694929381738, 2.382554388994677)
1759888853.920 DRIVE_OUT <util.measure.Drive object at 0x000002287EC92260>
1759888853.925 EKF_POST (0.5192509855101989, -0.08429694929381738, 2.484653307964921)
1759888854.055 HIGH_CMD [0, 1]
1759888854.055 EKF_PRE (0.5192509855101989, -0.08429694929381738, 2.484653307964921)
1759888854.078 DRIVE_OUT <util.measure.Drive object at 0x000002287FA239D0>
1759888854.082 EKF_POST (0.5192509855101989, -0.08429694929381738, 2.5998830562953366)
1759888854.191 HIGH_CMD [0, 1]
1759888854.191 EKF_PRE (0.5192509855101989, -0.08429694929381738, 2.5998830562953366)
1759888854.222 DRIVE_OUT <util.measure.Drive object at 0x000002287FA23130>
1759888854.226 EKF_POST (0.5192509855101989, -0.08429694929381738, 2.704606263168534)
1759888854.323 HIGH_CMD [0, 1]
1759888854.323 EKF_PRE (0.5192509855101989, -0.08429694929381738, 2.704606263168534)
1759888854.347 DRIVE_OUT <util.measure.Drive object at 0x000002287FA239D0>
1759888854.350 EKF_POST (0.5192509855101989, -0.08429694929381738, 2.795439802064511)
1759888854.456 HIGH_CMD [0, 1]
1759888854.456 EKF_PRE (0.5192509855101989, -0.08429694929381738, 2.795439802064511)
1759888854.480 DRIVE_OUT <util.measure.Drive object at 0x000002287FA23130>
1759888854.483 EKF_POST (0.5192509855101989, -0.08429694929381738, 2.8927352934551607)
1759888854.590 HIGH_CMD [0, 1]
1759888854.590 EKF_PRE (0.5192509855101989, -0.08429694929381738, 2.8927352934551607)
1759888854.613 DRIVE_OUT <util.measure.Drive object at 0x000002287EC92260>
1759888854.617 EKF_POST (0.5192509855101989, -0.08429694929381738, 2.9893102011544617)
1759888854.723 HIGH_CMD [0, 1]
1759888854.723 EKF_PRE (0.5192509855101989, -0.08429694929381738, 2.9893102011544617)
1759888854.749 DRIVE_OUT <util.measure.Drive object at 0x000002287FA239D0>
1759888854.753 EKF_POST (0.5192509855101989, -0.08429694929381738, 3.0883819382997286)
1759888854.856 HIGH_CMD [0, 1]
1759888854.856 EKF_PRE (0.5192509855101989, -0.08429694929381738, 3.0883819382997286)
1759888854.875 DRIVE_OUT <util.measure.Drive object at 0x000002287EC92260>
1759888854.881 EKF_POST (0.5192509855101989, -0.08429694929381738, -3.1020862965512803)
1759888854.992 HIGH_CMD [0, 1]
1759888854.992 EKF_PRE (0.5192509855101989, -0.08429694929381738, -3.1020862965512803)
1759888855.013 DRIVE_OUT <util.measure.Drive object at 0x000002287FA23130>
1759888855.017 EKF_POST (0.5192509855101989, -0.08429694929381738, -3.0012868278526232)
1759888855.123 HIGH_CMD [0, 1]
1759888855.123 EKF_PRE (0.5192509855101989, -0.08429694929381738, -3.0012868278526232)
1759888855.148 DRIVE_OUT <util.measure.Drive object at 0x000002287EC92260>
1759888855.152 EKF_POST (0.5192509855101989, -0.08429694929381738, -2.902980710879415)
1759888855.256 HIGH_CMD [0, 1]
1759888855.256 EKF_PRE (0.5192509855101989, -0.08429694929381738, -2.902980710879415)
1759888855.283 DRIVE_OUT <util.measure.Drive object at 0x000002287FA23130>
1759888855.288 EKF_POST (0.5192509855101989, -0.08429694929381738, -2.804894211956924)
1759888855.390 HIGH_CMD [0, 1]
1759888855.390 EKF_PRE (0.5192509855101989, -0.08429694929381738, -2.804894211956924)
1759888855.415 DRIVE_OUT <util.measure.Drive object at 0x000002287FA239D0>
1759888855.420 EKF_POST (0.5192509855101989, -0.08429694929381738, -2.708331302393411)
1759888855.523 HIGH_CMD [0, 1]
1759888855.523 EKF_PRE (0.5192509855101989, -0.08429694929381738, -2.708331302393411)
1759888855.553 DRIVE_OUT <util.measure.Drive object at 0x000002287EC92260>
1759888855.557 EKF_POST (0.5192509855101989, -0.08429694929381738, -2.608167734891488)
1759888855.690 HIGH_CMD [0, 1]
1759888855.690 EKF_PRE (0.5192509855101989, -0.08429694929381738, -2.608167734891488)
1759888855.716 DRIVE_OUT <util.measure.Drive object at 0x000002287FA239D0>
1759888855.721 EKF_POST (0.5192509855101989, -0.08429694929381738, -2.4891707458098455)
1759888855.823 HIGH_CMD [0, 1]
1759888855.824 EKF_PRE (0.5192509855101989, -0.08429694929381738, -2.4891707458098455)
1759888855.848 DRIVE_OUT <util.measure.Drive object at 0x000002287FA23130>
1759888855.853 EKF_POST (0.5192509855101989, -0.08429694929381738, -2.393358849992215)
1759888855.953 HIGH_CMD [0, 1]
1759888855.954 EKF_PRE (0.5192509855101989, -0.08429694929381738, -2.393358849992215)
1759888855.975 DRIVE_OUT <util.measure.Drive object at 0x000002287FA239D0>
1759888855.979 EKF_POST (0.5192509855101989, -0.08429694929381738, -2.3007913196459158)
1759888856.089 HIGH_CMD [0, 1]
1759888856.092 EKF_PRE (0.5192509855101989, -0.08429694929381738, -2.3007913196459158)
1759888856.114 DRIVE_OUT <util.measure.Drive object at 0x00000227558B7D30>
1759888856.118 EKF_POST (0.5192509855101989, -0.08429694929381738, -2.1989860941734256)
1759888856.222 HIGH_CMD [0, 1]
1759888856.222 EKF_PRE (0.5192509855101989, -0.08429694929381738, -2.1989860941734256)
1759888856.244 DRIVE_OUT <util.measure.Drive object at 0x000002287FA239D0>
1759888856.248 EKF_POST (0.5192509855101989, -0.08429694929381738, -2.1042482923378087)
1759888856.355 HIGH_CMD [0, 1]
1759888856.355 EKF_PRE (0.5192509855101989, -0.08429694929381738, -2.1042482923378087)
1759888856.380 DRIVE_OUT <util.measure.Drive object at 0x000002287EC92260>
1759888856.383 EKF_POST (0.5192509855101989, -0.08429694929381738, -2.006266298916887)
1759888856.490 HIGH_CMD [0, 1]
1759888856.490 EKF_PRE (0.5192509855101989, -0.08429694929381738, -2.006266298916887)
1759888856.513 DRIVE_OUT <util.measure.Drive object at 0x000002287FA239D0>
1759888856.517 EKF_POST (0.5192509855101989, -0.08429694929381738, -1.9084143722433418)
1759888856.620 HIGH_CMD [0, 1]
1759888856.621 EKF_PRE (0.5192509855101989, -0.08429694929381738, -1.9084143722433418)
1759888856.645 DRIVE_OUT <util.measure.Drive object at 0x000002287EC92260>
1759888856.649 EKF_POST (0.5192509855101989, -0.08429694929381738, -1.811711832201027)
1759888856.756 HIGH_CMD [0, 1]
1759888856.756 EKF_PRE (0.5192509855101989, -0.08429694929381738, -1.811711832201027)
1759888856.775 DRIVE_OUT <util.measure.Drive object at 0x000002287FA239D0>
1759888856.780 EKF_POST (0.5192509855101989, -0.08429694929381738, -1.7168408336695673)
1759888856.890 HIGH_CMD [0, 1]
1759888856.890 EKF_PRE (0.5192509855101989, -0.08429694929381738, -1.7168408336695673)
1759888856.924 DRIVE_OUT <util.measure.Drive object at 0x000002287EC92260>
1759888856.928 EKF_POST (0.5192509855101989, -0.08429694929381738, -1.6086828561266724)
1759888857.058 HIGH_CMD [0, 1]
1759888857.058 EKF_PRE (0.5192509855101989, -0.08429694929381738, -1.6086828561266724)
1759888857.087 DRIVE_OUT <util.measure.Drive object at 0x000002287FA239D0>
1759888857.092 EKF_POST (0.5192509855101989, -0.08429694929381738, -1.489776809436578)
1759888857.222 HIGH_CMD [0, 1]
1759888857.222 EKF_PRE (0.5192509855101989, -0.08429694929381738, -1.489776809436578)
1759888857.248 DRIVE_OUT <util.measure.Drive object at 0x000002287EC92260>
1759888857.252 EKF_POST (0.5192509855101989, -0.08429694929381738, -1.37251329014718)
1759888857.356 HIGH_CMD [0, 1]
1759888857.357 EKF_PRE (0.5192509855101989, -0.08429694929381738, -1.37251329014718)
1759888857.380 DRIVE_OUT <util.measure.Drive object at 0x000002287FA239D0>
1759888857.384 EKF_POST (0.5192509855101989, -0.08429694929381738, -1.275906213533087)
1759888857.489 HIGH_CMD [0, 1]
1759888857.489 EKF_PRE (0.5192509855101989, -0.08429694929381738, -1.275906213533087)
1759888857.514 DRIVE_OUT <util.measure.Drive object at 0x000002287EC92260>
1759888857.518 EKF_POST (0.5192509855101989, -0.08429694929381738, -1.1786571497113536)
1759888857.623 HIGH_CMD [0, 1]
1759888857.623 EKF_PRE (0.5192509855101989, -0.08429694929381738, -1.1786571497113536)
1759888857.645 DRIVE_OUT <util.measure.Drive object at 0x000002287FA239D0>
1759888857.648 EKF_POST (0.5192509855101989, -0.08429694929381738, -1.0829847104864987)
1759888857.755 HIGH_CMD [0, 1]
1759888857.755 EKF_PRE (0.5192509855101989, -0.08429694929381738, -1.0829847104864987)
1759888857.780 DRIVE_OUT <util.measure.Drive object at 0x000002287EC92260>
1759888857.785 EKF_POST (0.5192509855101989, -0.08429694929381738, -0.9838336813134188)
1759888857.887 HIGH_CMD [0, 1]
1759888857.887 EKF_PRE (0.5192509855101989, -0.08429694929381738, -0.9838336813134188)
1759888857.910 DRIVE_OUT <util.measure.Drive object at 0x000002287FA239D0>
1759888857.915 EKF_POST (0.5192509855101989, -0.08429694929381738, -0.8890271944975696)
1759888858.023 HIGH_CMD [0, 1]
1759888858.023 EKF_PRE (0.5192509855101989, -0.08429694929381738, -0.8890271944975696)
1759888858.059 DRIVE_OUT <util.measure.Drive object at 0x000002287EC92260>
1759888858.065 EKF_POST (0.5192509855101989, -0.08429694929381738, -0.780539876821611)
1759888858.187 HIGH_CMD [0, 1]
1759888858.187 EKF_PRE (0.5192509855101989, -0.08429694929381738, -0.780539876821611)
1759888858.212 DRIVE_OUT <util.measure.Drive object at 0x000002287FA239D0>
1759888858.216 EKF_POST (0.5192509855101989, -0.08429694929381738, -0.669188656299001)
1759888858.322 HIGH_CMD [0, 1]
1759888858.325 EKF_PRE (0.5192509855101989, -0.08429694929381738, -0.669188656299001)
1759888858.351 DRIVE_OUT <util.measure.Drive object at 0x00000227558B7790>
1759888858.354 EKF_POST (0.5192509855101989, -0.08429694929381738, -0.5675435798563693)
1759888858.489 HIGH_CMD [0, 1]
1759888858.489 EKF_PRE (0.5192509855101989, -0.08429694929381738, -0.5675435798563693)
1759888858.511 DRIVE_OUT <util.measure.Drive object at 0x000002287FA239D0>
1759888858.515 EKF_POST (0.5192509855101989, -0.08429694929381738, -0.4512226967134012)
1759888858.622 HIGH_CMD [0, 1]
1759888858.622 EKF_PRE (0.5192509855101989, -0.08429694929381738, -0.4512226967134012)
1759888858.646 DRIVE_OUT <util.measure.Drive object at 0x00000227558B7B50>
1759888858.650 EKF_POST (0.5192509855101989, -0.08429694929381738, -0.35325183199813726)
1759888858.755 HIGH_CMD [0, 1]
1759888858.755 EKF_PRE (0.5192509855101989, -0.08429694929381738, -0.35325183199813726)
1759888858.775 DRIVE_OUT <util.measure.Drive object at 0x000002287FA239D0>
1759888858.779 EKF_POST (0.5192509855101989, -0.08429694929381738, -0.2584740363765623)
1759888858.887 HIGH_CMD [0, 1]
1759888858.887 EKF_PRE (0.5192509855101989, -0.08429694929381738, -0.2584740363765623)
1759888858.909 DRIVE_OUT <util.measure.Drive object at 0x00000227558B7790>
1759888858.914 EKF_POST (0.5192509855101989, -0.08429694929381738, -0.16058211591705884)
1759888859.021 HIGH_CMD [0, 1]
1759888859.021 EKF_PRE (0.5192509855101989, -0.08429694929381738, -0.16058211591705884)
1759888859.045 DRIVE_OUT <util.measure.Drive object at 0x000002287FA239D0>
1759888859.048 EKF_POST (0.5192509855101989, -0.08429694929381738, -0.06154237380055827)
1759888859.156 HIGH_CMD [0, 1]
1759888859.156 EKF_PRE (0.5192509855101989, -0.08429694929381738, -0.06154237380055827)
1759888859.184 DRIVE_OUT <util.measure.Drive object at 0x00000227558B7B50>
1759888859.187 EKF_POST (0.5192509855101989, -0.08429694929381738, 0.0398750858341641)
1759888859.288 HIGH_CMD [0, 1]
1759888859.288 EKF_PRE (0.5192509855101989, -0.08429694929381738, 0.0398750858341641)
1759888859.309 DRIVE_OUT <util.measure.Drive object at 0x000002287FA239D0>
1759888859.312 EKF_POST (0.5192509855101989, -0.08429694929381738, 0.1302173967069602)
1759888859.422 HIGH_CMD [0, 1]
1759888859.423 EKF_PRE (0.5192509855101989, -0.08429694929381738, 0.1302173967069602)
1759888859.448 DRIVE_OUT <util.measure.Drive object at 0x00000227558B7790>
1759888859.453 EKF_POST (0.5192509855101989, -0.08429694929381738, 0.23264252586180056)
1759888859.553 HIGH_CMD [0, 1]
1759888859.553 EKF_PRE (0.5192509855101989, -0.08429694929381738, 0.23264252586180056)
1759888859.576 DRIVE_OUT <util.measure.Drive object at 0x000002287FA239D0>
1759888859.580 EKF_POST (0.5192509855101989, -0.08429694929381738, 0.3259548100570502)
1759888859.689 HIGH_CMD [0, 1]
1759888859.689 EKF_PRE (0.5192509855101989, -0.08429694929381738, 0.3259548100570502)
1759888859.720 DRIVE_OUT <util.measure.Drive object at 0x00000227558B7B50>
1759888859.723 EKF_POST (0.5192509855101989, -0.08429694929381738, 0.43088772347748927)
1759888859.856 HIGH_CMD [0, 1]
1759888859.856 EKF_PRE (0.5192509855101989, -0.08429694929381738, 0.43088772347748927)
1759888859.884 DRIVE_OUT <util.measure.Drive object at 0x000002287FA239D0>
1759888859.889 EKF_POST (0.5342825104240633, -0.1025630584402473, 0.5454511138368323)
1759888859.984 HIGH_CMD [0, 1]
1759888859.984 EKF_PRE (0.5342825104240633, -0.1025630584402473, 0.5454511138368323)
1759888860.001 DRIVE_OUT <util.measure.Drive object at 0x00000227558B7790>
1759888860.005 EKF_POST (0.5434503954189489, -0.11410511166013117, 0.6286007084489116)
1759888860.116 HIGH_CMD [0, 1]
1759888860.116 EKF_PRE (0.5434503954189489, -0.11410511166013117, 0.6286007084489116)
1759888860.131 DRIVE_OUT <util.measure.Drive object at 0x00000227558B7B20>
1759888860.137 EKF_POST (0.549457467755407, -0.1216451050920563, 0.7217224719028925)
1759888860.249 HIGH_CMD [0, 1]
1759888860.250 EKF_PRE (0.549457467755407, -0.1216451050920563, 0.7217224719028925)
1759888860.269 DRIVE_OUT <util.measure.Drive object at 0x00000227558B7AF0>
1759888860.274 EKF_POST (0.5536830072521909, -0.12686342711397505, 0.8210960954746316)
1759888860.383 HIGH_CMD [0, 1]
1759888860.383 EKF_PRE (0.5536830072521909, -0.12686342711397505, 0.8210960954746316)
1759888860.399 DRIVE_OUT <util.measure.Drive object at 0x000002287FA239D0>
1759888860.403 EKF_POST (0.5536830072521909, -0.12686342711397505, 0.9162293141331554)
1759888860.517 HIGH_CMD [0, 1]
1759888860.519 EKF_PRE (0.5536830072521909, -0.12686342711397505, 0.9162293141331554)
1759888860.537 DRIVE_OUT <util.measure.Drive object at 0x00000227558B7B50>
1759888860.540 EKF_POST (0.5536830072521909, -0.12686342711397505, 1.0156027435333677)
1759888860.650 HIGH_CMD [0, 1]
1759888860.650 EKF_PRE (0.5536830072521909, -0.12686342711397505, 1.0156027435333677)
1759888860.668 DRIVE_OUT <util.measure.Drive object at 0x000002287FA239D0>
1759888860.672 EKF_POST (0.5536830072521909, -0.12686342711397505, 1.1123193683437806)
1759888860.783 HIGH_CMD [0, 1]
1759888860.847 EKF_PRE (0.5536830072521909, -0.12686342711397505, 1.1123193683437806)
1759888860.866 DRIVE_OUT <util.measure.Drive object at 0x000002287EC92260>
1759888860.871 EKF_POST (0.5536830072521909, -0.12686342711397505, 1.2566052977168578)
1759888860.984 HIGH_CMD [0, 1]
1759888861.043 EKF_PRE (0.5536830072521909, -0.12686342711397505, 1.2566052977168578)
1759888861.060 DRIVE_OUT <util.measure.Drive object at 0x000002287EC91690>
1759888861.065 EKF_POST (0.5536830072521909, -0.12686342711397505, 1.3983436229244042)
1759888861.183 HIGH_CMD [0, 1]
1759888861.240 EKF_PRE (0.5536830072521909, -0.12686342711397505, 1.3983436229244042)
1759888861.259 DRIVE_OUT <util.measure.Drive object at 0x000002287FA22E30>
1759888861.264 EKF_POST (0.5536830072521909, -0.12686342711397505, 1.5430680928548126)
1759888861.384 HIGH_CMD [0, 1]
1759888861.448 EKF_PRE (0.5536830072521909, -0.12686342711397505, 1.5430680928548126)
1759888861.464 DRIVE_OUT <util.measure.Drive object at 0x000002287EC91690>
1759888861.468 EKF_POST (0.5536830072521909, -0.12686342711397505, 1.692750053383766)
1759888861.583 HIGH_CMD [0, 1]
1759888861.655 EKF_PRE (0.5536830072521909, -0.12686342711397505, 1.692750053383766)
1759888861.675 DRIVE_OUT <util.measure.Drive object at 0x000002287FA239D0>
1759888861.679 EKF_POST (0.5536830072521909, -0.12686342711397505, 1.8467103056940806)
1759888861.783 HIGH_CMD [0, 1]
1759888861.847 EKF_PRE (0.5536830072521909, -0.12686342711397505, 1.8467103056940806)
1759888861.865 DRIVE_OUT <util.measure.Drive object at 0x000002287EC91690>
1759888861.871 EKF_POST (0.5536830072521909, -0.12686342711397505, 1.985541778206576)
1759888862.015 HIGH_CMD [0, 1]
1759888862.081 EKF_PRE (0.5536830072521909, -0.12686342711397505, 1.985541778206576)
1759888862.101 DRIVE_OUT <util.measure.Drive object at 0x000002287FA22B60>
1759888862.106 EKF_POST (0.5536830072521909, -0.12686342711397505, 2.1571982374871927)
1759888862.217 HIGH_CMD [0, 1]
1759888862.277 EKF_PRE (0.5536830072521909, -0.12686342711397505, 2.1571982374871927)
1759888862.293 DRIVE_OUT <util.measure.Drive object at 0x000002287EC91690>
1759888862.297 EKF_POST (0.5536830072521909, -0.12686342711397505, 2.2975225215320805)
1759888862.416 HIGH_CMD [0, 1]
1759888862.490 EKF_PRE (0.5536830072521909, -0.12686342711397505, 2.2975225215320805)
1759888862.511 DRIVE_OUT <util.measure.Drive object at 0x000002287FA23070>
1759888862.515 EKF_POST (0.5536830072521909, -0.12686342711397505, 2.4563381933437336)
1759888862.618 HIGH_CMD [0, 1]
1759888862.696 EKF_PRE (0.5536830072521909, -0.12686342711397505, 2.4563381933437336)
1759888862.721 DRIVE_OUT <util.measure.Drive object at 0x000002287EC91690>
1759888862.727 EKF_POST (0.5536830072521909, -0.12686342711397505, 2.609479616358062)
1759888862.849 HIGH_CMD [0, 1]
1759888862.930 EKF_PRE (0.5536830072521909, -0.12686342711397505, 2.609479616358062)
1759888862.951 DRIVE_OUT <util.measure.Drive object at 0x000002287FA21BA0>
1759888862.957 EKF_POST (0.5536830072521909, -0.12686342711397505, 2.7775531540749103)
1759888863.084 HIGH_CMD [0, 1]
1759888863.158 EKF_PRE (0.5536830072521909, -0.12686342711397505, 2.7775531540749103)
1759888863.179 DRIVE_OUT <util.measure.Drive object at 0x000002287FA23070>
1759888863.184 EKF_POST (0.5536830072521909, -0.12686342711397505, 2.9434059933549293)
1759888863.282 HIGH_CMD [0, 1]
1759888863.348 EKF_PRE (0.5536830072521909, -0.12686342711397505, 2.9434059933549293)
1759888863.369 DRIVE_OUT <util.measure.Drive object at 0x000002287EC91690>
1759888863.372 EKF_POST (0.5536830072521909, -0.12686342711397505, 3.0824755158368884)
1759888863.482 HIGH_CMD [0, 1]
1759888863.554 EKF_PRE (0.5536830072521909, -0.12686342711397505, 3.0824755158368884)
1759888863.574 DRIVE_OUT <util.measure.Drive object at 0x00000227557D5030>
1759888863.578 EKF_POST (0.5536830072521909, -0.12686342711397505, -3.052177043558949)
1759888863.682 HIGH_CMD [0, 1]
1759888863.745 EKF_PRE (0.5536830072521909, -0.12686342711397505, -3.052177043558949)
1759888863.764 DRIVE_OUT <util.measure.Drive object at 0x000002287EC91690>
1759888863.768 EKF_POST (0.5536830072521909, -0.12686342711397505, -2.912819739704117)
1759888863.881 HIGH_CMD [0, 1]
1759888863.944 EKF_PRE (0.5536830072521909, -0.12686342711397505, -2.912819739704117)
1759888863.959 DRIVE_OUT <util.measure.Drive object at 0x00000227557D59F0>
1759888863.963 EKF_POST (0.5536830072521909, -0.12686342711397505, -2.7703707423086983)
1759888864.082 HIGH_CMD [0, 1]
1759888864.152 EKF_PRE (0.5536830072521909, -0.12686342711397505, -2.7703707423086983)
1759888864.172 DRIVE_OUT <util.measure.Drive object at 0x00000227557D5030>
1759888864.175 EKF_POST (0.5536830072521909, -0.12686342711397505, -2.615629220083994)
1759888864.283 HIGH_CMD [0, 1]
1759888864.351 EKF_PRE (0.5536830072521909, -0.12686342711397505, -2.615629220083994)
1759888864.370 DRIVE_OUT <util.measure.Drive object at 0x00000227557D59F0>
1759888864.373 EKF_POST (0.5536830072521909, -0.12686342711397505, -2.4719484140810657)
1759888864.482 HIGH_CMD [0, 1]
1759888864.552 EKF_PRE (0.5536830072521909, -0.12686342711397505, -2.4719484140810657)
1759888864.572 DRIVE_OUT <util.measure.Drive object at 0x00000227557D5030>
1759888864.577 EKF_POST (0.5536830072521909, -0.12686342711397505, -2.323726574511635)
1759888864.682 HIGH_CMD [0, 1]
1759888864.747 EKF_PRE (0.5536830072521909, -0.12686342711397505, -2.323726574511635)
1759888864.765 DRIVE_OUT <util.measure.Drive object at 0x00000227557D59F0>
1759888864.768 EKF_POST (0.5536830072521909, -0.12686342711397505, -2.1828309009856235)
1759888864.887 HIGH_CMD [0, 1]
1759888864.966 EKF_PRE (0.5536830072521909, -0.12686342711397505, -2.1828309009856235)
1759888864.992 DRIVE_OUT <util.measure.Drive object at 0x00000227557D5030>
1759888864.997 EKF_POST (0.5536830072521909, -0.12686342711397505, -2.01727418960772)
1759888865.120 HIGH_CMD [0, 1]
1759888865.189 EKF_PRE (0.5536830072521909, -0.12686342711397505, -2.01727418960772)
1759888865.215 DRIVE_OUT <util.measure.Drive object at 0x00000227557D59F0>
1759888865.220 EKF_POST (0.5536830072521909, -0.12686342711397505, -1.8545389528861478)
1759888865.320 HIGH_CMD [0, 1]
1759888865.379 EKF_PRE (0.5536830072521909, -0.12686342711397505, -1.8545389528861478)
1759888865.405 DRIVE_OUT <util.measure.Drive object at 0x000002287EC90460>
1759888865.409 EKF_POST (0.5536830072521909, -0.12686342711397505, -1.7163379911035825)
1759888865.518 HIGH_CMD [0, 1]
1759888865.582 EKF_PRE (0.5536830072521909, -0.12686342711397505, -1.7163379911035825)
1759888865.606 DRIVE_OUT <util.measure.Drive object at 0x000002287EC91B70>
1759888865.610 EKF_POST (0.5536830072521909, -0.12686342711397505, -1.5697447680527756)
1759888865.718 HIGH_CMD [0, 1]
1759888865.784 EKF_PRE (0.5536830072521909, -0.12686342711397505, -1.5697447680527756)
1759888865.809 DRIVE_OUT <util.measure.Drive object at 0x00000227557D5030>
1759888865.813 EKF_POST (0.5536830072521909, -0.12686342711397505, -1.421125772800178)
1759888865.919 HIGH_CMD [0, 1]
1759888865.979 EKF_PRE (0.5536830072521909, -0.12686342711397505, -1.421125772800178)
1759888866.004 DRIVE_OUT <util.measure.Drive object at 0x00000227557D59F0>
1759888866.009 EKF_POST (0.5536830072521909, -0.12686342711397505, -1.2789005667200988)
1759888866.120 HIGH_CMD [0, 1]
1759888866.189 EKF_PRE (0.5536830072521909, -0.12686342711397505, -1.2789005667200988)
1759888866.217 DRIVE_OUT <util.measure.Drive object at 0x000002287FA21BA0>
1759888866.224 EKF_POST (0.5536830072521909, -0.12686342711397505, -1.1235998270360845)
1759888866.353 HIGH_CMD [0, 1]
1759888866.415 EKF_PRE (0.5536830072521909, -0.12686342711397505, -1.1235998270360845)
1759888866.437 DRIVE_OUT <util.measure.Drive object at 0x000002287FA239D0>
1759888866.442 EKF_POST (0.5536830072521909, -0.12686342711397505, -0.9637552716091529)
1759888866.552 HIGH_CMD [0, 1]
1759888866.619 EKF_PRE (0.5536830072521909, -0.12686342711397505, -0.9637552716091529)
1759888866.648 DRIVE_OUT <util.measure.Drive object at 0x000002287EC921D0>
1759888866.652 EKF_POST (0.5536830072521909, -0.12686342711397505, -0.8097604159796834)
1759888866.785 HIGH_CMD [0, 1]
1759888866.867 EKF_PRE (0.5536830072521909, -0.12686342711397505, -0.8097604159796834)
1759888866.895 DRIVE_OUT <util.measure.Drive object at 0x00000227557D5030>
1759888866.899 EKF_POST (0.5536830072521909, -0.12686342711397505, -0.6290710993113917)
1759888867.018 HIGH_CMD [0, 1]
1759888867.101 EKF_PRE (0.5536830072521909, -0.12686342711397505, -0.6290710993113917)
1759888867.129 DRIVE_OUT <util.measure.Drive object at 0x00000227557D59F0>
1759888867.134 EKF_POST (0.5536830072521909, -0.12686342711397505, -0.4587001794202892)
1759888867.251 HIGH_CMD [0, 1]
1759888867.314 EKF_PRE (0.5536830072521909, -0.12686342711397505, -0.4587001794202892)
1759888867.335 DRIVE_OUT <util.measure.Drive object at 0x00000227557D5030>
1759888867.340 EKF_POST (0.5536830072521909, -0.12686342711397505, -0.3082299935359094)
1759888867.452 HIGH_CMD [0, 1]
1759888867.510 EKF_PRE (0.5536830072521909, -0.12686342711397505, -0.3082299935359094)
1759888867.535 DRIVE_OUT <util.measure.Drive object at 0x000002287EC92DA0>
1759888867.540 EKF_POST (0.5536830072521909, -0.12686342711397505, -0.16313914574891974)
1759888867.653 HIGH_CMD [0, 1]
1759888867.729 EKF_PRE (0.5536830072521909, -0.12686342711397505, -0.16313914574891974)
1759888867.757 DRIVE_OUT <util.measure.Drive object at 0x000002287EC91B70>
1759888867.761 EKF_POST (0.5536830072521909, -0.12686342711397505, -0.001328461027083172)
1759888867.888 HIGH_CMD [0, 1]
1759888867.955 EKF_PRE (0.5536830072521909, -0.12686342711397505, -0.001328461027083172)
1759888867.982 DRIVE_OUT <util.measure.Drive object at 0x00000227557D59F0>
1759888867.986 EKF_POST (0.5536830072521909, -0.12686342711397505, 0.16342663577139893)
1759888868.117 HIGH_CMD [0, 1]
1759888868.187 EKF_PRE (0.5536830072521909, -0.12686342711397505, 0.16342663577139893)
1759888868.210 DRIVE_OUT <util.measure.Drive object at 0x00000227557D5030>
1759888868.214 EKF_POST (0.5536830072521909, -0.12686342711397505, 0.329759574368941)
1759888868.318 HIGH_CMD [0, 1]
1759888868.385 EKF_PRE (0.5536830072521909, -0.12686342711397505, 0.329759574368941)
1759888868.415 DRIVE_OUT <util.measure.Drive object at 0x000002287FA23130>
1759888868.420 EKF_POST (0.5536830072521909, -0.12686342711397505, 0.479027512270215)
1759888868.519 HIGH_CMD [0, 1]
1759888868.577 EKF_PRE (0.5536830072521909, -0.12686342711397505, 0.479027512270215)
1759888868.599 DRIVE_OUT <util.measure.Drive object at 0x000002287FA22D10>
1759888868.604 EKF_POST (0.5536830072521909, -0.12686342711397505, 0.6134233261479061)
1759888868.717 HIGH_CMD [0, 1]
1759888868.782 EKF_PRE (0.5536830072521909, -0.12686342711397505, 0.6134233261479061)
1759888868.814 DRIVE_OUT <util.measure.Drive object at 0x000002287EC90460>
1759888868.817 EKF_POST (0.5536830072521909, -0.12686342711397505, 0.7702679998559283)
1759888868.917 HIGH_CMD [0, 1]
1759888868.979 EKF_PRE (0.5536830072521909, -0.12686342711397505, 0.7702679998559283)
1759888869.002 DRIVE_OUT <util.measure.Drive object at 0x00000227557D59F0>
1759888869.005 EKF_POST (0.5536830072521909, -0.12686342711397505, 0.9070914365412754)
1759888869.117 HIGH_CMD [0, 1]
1759888869.206 EKF_PRE (0.5536830072521909, -0.12686342711397505, 0.9070914365412754)
1759888869.231 DRIVE_OUT <util.measure.Drive object at 0x00000227557D5030>
1759888869.235 EKF_POST (0.5746335836860753, -0.14369248069023588, 1.0695576774463396)
1759888869.351 HIGH_CMD [0, 1]
1759888869.424 EKF_PRE (0.5746335836860753, -0.14369248069023588, 1.0695576774463396)
1759888869.453 DRIVE_OUT <util.measure.Drive object at 0x00000227557D59F0>
1759888869.457 EKF_POST (0.5870834545944233, -0.15416183138859482, 1.229824648536118)
1759888869.552 HIGH_CMD [0, 1]
1759888869.609 EKF_PRE (0.5870834545944233, -0.15416183138859482, 1.229824648536118)
1759888869.632 DRIVE_OUT <util.measure.Drive object at 0x000002287EC92DA0>
1759888869.636 EKF_POST (0.5870834545944233, -0.15416183138859482, 1.360701357021549)
1759888869.751 HIGH_CMD [0, 1]
1759888869.823 EKF_PRE (0.5870834545944233, -0.15416183138859482, 1.360701357021549)
1759888869.851 DRIVE_OUT <util.measure.Drive object at 0x00000227557D5030>
1759888869.854 EKF_POST (0.5870834545944233, -0.15416183138859482, 1.5200783329248226)
1759888869.952 HIGH_CMD [0, 1]
1759888870.015 EKF_PRE (0.5870834545944233, -0.15416183138859482, 1.5200783329248226)
1759888870.043 DRIVE_OUT <util.measure.Drive object at 0x000002287EC90460>
1759888870.047 EKF_POST (0.5870834545944233, -0.15416183138859482, 1.6596143916142845)
1759888870.150 HIGH_CMD [0, 1]
1759888870.224 EKF_PRE (0.5870834545944233, -0.15416183138859482, 1.6596143916142845)
1759888870.248 DRIVE_OUT <util.measure.Drive object at 0x00000227557D59F0>
1759888870.254 EKF_POST (0.5870834545944233, -0.15416183138859482, 1.8094205067657336)
1759888870.385 HIGH_CMD [0, 1]
1759888870.443 EKF_PRE (0.5870834545944233, -0.15416183138859482, 1.8094205067657336)
1759888870.467 DRIVE_OUT <util.measure.Drive object at 0x00000227557D5030>
1759888870.471 EKF_POST (0.5870834545944233, -0.15416183138859482, 1.9696552624347952)
1759888870.583 HIGH_CMD [0, 1]
1759888870.648 EKF_PRE (0.5870834545944233, -0.15416183138859482, 1.9696552624347952)
1759888870.671 DRIVE_OUT <util.measure.Drive object at 0x00000227557D59F0>
1759888870.676 EKF_POST (0.5870834545944233, -0.15416183138859482, 2.1180807225405607)
1759888870.784 HIGH_CMD [0, 1]
1759888870.849 EKF_PRE (0.5870834545944233, -0.15416183138859482, 2.1180807225405607)
1759888870.875 DRIVE_OUT <util.measure.Drive object at 0x00000227557D5030>
1759888870.881 EKF_POST (0.5870834545944233, -0.15416183138859482, 2.2672434593961626)
1759888870.984 HIGH_CMD [0, 1]
1759888871.044 EKF_PRE (0.5870834545944233, -0.15416183138859482, 2.2672434593961626)
1759888871.066 DRIVE_OUT <util.measure.Drive object at 0x00000227557D59F0>
1759888871.070 EKF_POST (0.5870834545944233, -0.15416183138859482, 2.4063161118265883)
1759888871.183 HIGH_CMD [0, 1]
1759888871.269 EKF_PRE (0.5870834545944233, -0.15416183138859482, 2.4063161118265883)
1759888871.307 DRIVE_OUT <util.measure.Drive object at 0x00000227557D5030>
1759888871.311 EKF_POST (0.5870834545944233, -0.15416183138859482, 2.5800331205141767)
1759888871.451 HIGH_CMD [0, 1]
1759888871.518 EKF_PRE (0.5870834545944233, -0.15416183138859482, 2.5800331205141767)
1759888871.548 DRIVE_OUT <util.measure.Drive object at 0x00000227557D59F0>
1759888871.552 EKF_POST (0.5870834545944233, -0.15416183138859482, 2.7573904331540806)
1759888871.683 HIGH_CMD [0, 1]
1759888871.749 EKF_PRE (0.5870834545944233, -0.15416183138859482, 2.7573904331540806)
1759888871.774 DRIVE_OUT <util.measure.Drive object at 0x00000227557D5030>
1759888871.778 EKF_POST (0.5870834545944233, -0.15416183138859482, 2.9226322369390703)
1759888871.885 HIGH_CMD [0, 1]
1759888871.954 EKF_PRE (0.5870834545944233, -0.15416183138859482, 2.9226322369390703)
1759888871.982 DRIVE_OUT <util.measure.Drive object at 0x00000227557D59F0>
1759888871.986 EKF_POST (0.5870834545944233, -0.15416183138859482, 3.0739615936774456)
1759888872.117 HIGH_CMD [0, 1]
1759888872.186 EKF_PRE (0.5870834545944233, -0.15416183138859482, 3.0739615936774456)
1759888872.214 DRIVE_OUT <util.measure.Drive object at 0x00000227557D5030>
1759888872.218 EKF_POST (0.5870834545944233, -0.15416183138859482, -3.039501388487663)
1759888872.317 HIGH_CMD [0, 1]
1759888872.388 EKF_PRE (0.5870834545944233, -0.15416183138859482, -3.039501388487663)
1759888872.413 DRIVE_OUT <util.measure.Drive object at 0x00000227557D59F0>
1759888872.417 EKF_POST (0.5870834545944233, -0.15416183138859482, -2.8952954466865024)
1759888872.517 HIGH_CMD [0, 1]
1759888872.579 EKF_PRE (0.5870834545944233, -0.15416183138859482, -2.8952954466865024)
1759888872.606 DRIVE_OUT <util.measure.Drive object at 0x00000227557D5030>
1759888872.612 EKF_POST (0.5870834545944233, -0.15416183138859482, -2.753644064491909)
1759888872.751 HIGH_CMD [0, 1]
1759888872.810 EKF_PRE (0.5870834545944233, -0.15416183138859482, -2.753644064491909)
1759888872.835 DRIVE_OUT <util.measure.Drive object at 0x00000227557D59F0>
1759888872.839 EKF_POST (0.5870834545944233, -0.15416183138859482, -2.5864813417787493)
1759888872.951 HIGH_CMD [0, 1]
1759888873.016 EKF_PRE (0.5870834545944233, -0.15416183138859482, -2.5864813417787493)
1759888873.045 DRIVE_OUT <util.measure.Drive object at 0x00000227557D5030>
1759888873.048 EKF_POST (0.5870834545944233, -0.15416183138859482, -2.4339902525013044)
1759888873.183 HIGH_CMD [0, 1]
1759888873.252 EKF_PRE (0.5870834545944233, -0.15416183138859482, -2.4339902525013044)
1759888873.277 DRIVE_OUT <util.measure.Drive object at 0x00000227557D59F0>
1759888873.282 EKF_POST (0.5870834545944233, -0.15416183138859482, -2.2647269865952153)
1759888873.382 HIGH_CMD [0, 1]
1759888873.445 EKF_PRE (0.5870834545944233, -0.15416183138859482, -2.2647269865952153)
1759888873.471 DRIVE_OUT <util.measure.Drive object at 0x00000227557D5030>
1759888873.475 EKF_POST (0.5870834545944233, -0.15416183138859482, -2.122715138668921)
1759888873.585 HIGH_CMD [0, 1]
1759888873.669 EKF_PRE (0.5870834545944233, -0.15416183138859482, -2.122715138668921)
1759888873.692 DRIVE_OUT <util.measure.Drive object at 0x00000227557D59F0>
1759888873.696 EKF_POST (0.5870834545944233, -0.15416183138859482, -1.961650077226164)
1759888873.815 HIGH_CMD [0, 1]
1759888873.876 EKF_PRE (0.5870834545944233, -0.15416183138859482, -1.961650077226164)
1759888873.902 DRIVE_OUT <util.measure.Drive object at 0x00000227557D5030>
1759888873.906 EKF_POST (0.5870834545944233, -0.15416183138859482, -1.8083596338876349)
1759888874.015 HIGH_CMD [0, 1]
1759888874.079 EKF_PRE (0.5870834545944233, -0.15416183138859482, -1.8083596338876349)
1759888874.102 DRIVE_OUT <util.measure.Drive object at 0x000002287FA23070>
1759888874.106 EKF_POST (0.5870834545944233, -0.15416183138859482, -1.6624529128671)
1759888874.216 HIGH_CMD [0, 1]
1759888874.273 EKF_PRE (0.5870834545944233, -0.15416183138859482, -1.6624529128671)
1759888874.303 DRIVE_OUT <util.measure.Drive object at 0x000002287EC90460>
1759888874.307 EKF_POST (0.5870834545944233, -0.15416183138859482, -1.5159793234021155)
1759888874.414 HIGH_CMD [0, 1]
1759888874.484 EKF_PRE (0.5870834545944233, -0.15416183138859482, -1.5159793234021155)
1759888874.506 DRIVE_OUT <util.measure.Drive object at 0x000002287FA239D0>
1759888874.512 EKF_POST (0.5870834545944233, -0.15416183138859482, -1.367897288197512)
1759888874.615 HIGH_CMD [0, 1]
1759888874.683 EKF_PRE (0.5870834545944233, -0.15416183138859482, -1.367897288197512)
1759888874.711 DRIVE_OUT <util.measure.Drive object at 0x000002287EC92DA0>
1759888874.715 EKF_POST (0.5870834545944233, -0.15416183138859482, -1.2186526510237092)
1759888874.847 HIGH_CMD [0, 1]
1759888874.910 EKF_PRE (0.5870834545944233, -0.15416183138859482, -1.2186526510237092)
1759888874.931 DRIVE_OUT <util.measure.Drive object at 0x000002287FA22230>
1759888874.935 EKF_POST (0.5870834545944233, -0.15416183138859482, -1.0577846024483022)
1759888875.047 HIGH_CMD [0, 1]
1759888875.114 EKF_PRE (0.5870834545944233, -0.15416183138859482, -1.0577846024483022)
1759888875.139 DRIVE_OUT <util.measure.Drive object at 0x000002287EC91B70>
1759888875.144 EKF_POST (0.5870834545944233, -0.15416183138859482, -0.9068264923752336)
1759888875.249 HIGH_CMD [0, 1]
1759888875.307 EKF_PRE (0.5870834545944233, -0.15416183138859482, -0.9068264923752336)
1759888875.330 DRIVE_OUT <util.measure.Drive object at 0x000002287FA22950>
1759888875.335 EKF_POST (0.5870834545944233, -0.15416183138859482, -0.7667952062839949)
1759888875.450 HIGH_CMD [0, 1]
1759888875.524 EKF_PRE (0.5870834545944233, -0.15416183138859482, -0.7667952062839949)
1759888875.552 DRIVE_OUT <util.measure.Drive object at 0x000002287EC92260>
1759888875.557 EKF_POST (0.5870834545944233, -0.15416183138859482, -0.6053752434623663)
1759888875.682 HIGH_CMD [0, 1]
1759888875.767 EKF_PRE (0.5870834545944233, -0.15416183138859482, -0.6053752434623663)
1759888875.790 DRIVE_OUT <util.measure.Drive object at 0x00000227557D59F0>
1759888875.795 EKF_POST (0.5870834545944233, -0.15416183138859482, -0.4315078233623706)
1759888875.915 HIGH_CMD [0, 1]
1759888875.976 EKF_PRE (0.5870834545944233, -0.15416183138859482, -0.4315078233623706)
1759888875.999 DRIVE_OUT <util.measure.Drive object at 0x00000227557D5030>
1759888876.003 EKF_POST (0.5870834545944233, -0.15416183138859482, -0.2794331911169676)
1759888876.117 HIGH_CMD [0, 1]
1759888876.179 EKF_PRE (0.5870834545944233, -0.15416183138859482, -0.2794331911169676)
1759888876.203 DRIVE_OUT <util.measure.Drive object at 0x000002287FA22D10>
1759888876.207 EKF_POST (0.5870834545944233, -0.15416183138859482, -0.13019846544664126)
1759888876.315 HIGH_CMD [0, 1]
1759888876.379 EKF_PRE (0.5870834545944233, -0.15416183138859482, -0.13019846544664126)
1759888876.406 DRIVE_OUT <util.measure.Drive object at 0x000002287EC92DA0>
1759888876.410 EKF_POST (0.5870834545944233, -0.15416183138859482, 0.016876248009896067)
1759888876.516 HIGH_CMD [0, 1]
1759888876.577 EKF_PRE (0.5870834545944233, -0.15416183138859482, 0.016876248009896067)
1759888876.599 DRIVE_OUT <util.measure.Drive object at 0x000002287FA239D0>
1759888876.604 EKF_POST (0.5870834545944233, -0.15416183138859482, 0.15835391806461052)
1759888876.717 HIGH_CMD [0, 1]
1759888876.787 EKF_PRE (0.5870834545944233, -0.15416183138859482, 0.15835391806461052)
1759888876.815 DRIVE_OUT <util.measure.Drive object at 0x000002287EC92260>
1759888876.820 EKF_POST (0.5870834545944233, -0.15416183138859482, 0.31622330212328986)
1759888876.916 HIGH_CMD [0, 1]
1759888876.987 EKF_PRE (0.5870834545944233, -0.15416183138859482, 0.31622330212328986)
1759888877.016 DRIVE_OUT <util.measure.Drive object at 0x000002287FA21D50>
1759888877.022 EKF_POST (0.5870834545944233, -0.15416183138859482, 0.4628154818579415)
1759888877.115 HIGH_CMD [0, 1]
1759888877.179 EKF_PRE (0.5870834545944233, -0.15416183138859482, 0.4628154818579415)
1759888877.207 DRIVE_OUT <util.measure.Drive object at 0x000002287EC91030>
1759888877.211 EKF_POST (0.5870834545944233, -0.15416183138859482, 0.6017464171772549)
1759888877.314 HIGH_CMD [0, 1]
1759888877.377 EKF_PRE (0.5870834545944233, -0.15416183138859482, 0.6017464171772549)
1759888877.397 DRIVE_OUT <util.measure.Drive object at 0x000002287FA21C00>
1759888877.402 EKF_POST (0.5870834545944233, -0.15416183138859482, 0.7406476179861388)
1759888877.516 HIGH_CMD [0, 1]
1759888877.577 EKF_PRE (0.5870834545944233, -0.15416183138859482, 0.7406476179861388)
1759888877.603 DRIVE_OUT <util.measure.Drive object at 0x000002287EC921D0>
1759888877.607 EKF_POST (0.5870834545944233, -0.15416183138859482, 0.8897668833352643)
1759888877.715 HIGH_CMD [0, 1]
1759888877.804 EKF_PRE (0.5870834545944233, -0.15416183138859482, 0.8897668833352643)
1759888877.829 DRIVE_OUT <util.measure.Drive object at 0x00000227557D59F0>
1759888877.834 EKF_POST (0.5870834545944233, -0.15416183138859482, 1.0548052404699453)
1759888877.946 HIGH_CMD [0, 1]
1759888878.008 EKF_PRE (0.5870834545944233, -0.15416183138859482, 1.0548052404699453)
1759888878.031 DRIVE_OUT <util.measure.Drive object at 0x00000227557D5030>
1759888878.035 EKF_POST (0.5870834545944233, -0.15416183138859482, 1.202128610943526)
1759888878.148 HIGH_CMD [0, 1]
1759888878.211 EKF_PRE (0.5870834545944233, -0.15416183138859482, 1.202128610943526)
1759888878.235 DRIVE_OUT <util.measure.Drive object at 0x000002287FA23070>
1759888878.238 EKF_POST (0.5870834545944233, -0.15416183138859482, 1.350679790646021)
1759888878.349 HIGH_CMD [0, 1]
1759888878.416 EKF_PRE (0.5870834545944233, -0.15416183138859482, 1.350679790646021)
1759888878.445 DRIVE_OUT <util.measure.Drive object at 0x000002287EC92260>
1759888878.449 EKF_POST (0.6169867287341781, -0.1670114261898078, 1.4990330429398115)
1759888878.548 HIGH_CMD [0, 1]
1759888878.609 EKF_PRE (0.6169867287341781, -0.1670114261898078, 1.4990330429398115)
1759888878.633 DRIVE_OUT <util.measure.Drive object at 0x000002287FA239D0>
1759888878.638 EKF_POST (0.6341049751284861, -0.1749847011336871, 1.6338085308184134)
1759888878.749 HIGH_CMD [0, 1]
1759888878.815 EKF_PRE (0.6341049751284861, -0.1749847011336871, 1.6338085308184134)
1759888878.840 DRIVE_OUT <util.measure.Drive object at 0x000002287EC921D0>
1759888878.845 EKF_POST (0.6452384964626741, -0.18049938054369377, 1.782230922513623)
1759888878.983 HIGH_CMD [0, 1]
1759888879.049 EKF_PRE (0.6452384964626741, -0.18049938054369377, 1.782230922513623)
1759888879.071 DRIVE_OUT <util.measure.Drive object at 0x000002287FA23130>
1759888879.075 EKF_POST (0.6452384964626741, -0.18049938054369377, 1.951777622641937)
1759888879.180 HIGH_CMD [0, 1]
1759888879.254 EKF_PRE (0.6452384964626741, -0.18049938054369377, 1.951777622641937)
1759888879.282 DRIVE_OUT <util.measure.Drive object at 0x000002287EC92DA0>
1759888879.288 EKF_POST (0.6452384964626741, -0.18049938054369377, 2.105534428301943)
1759888879.414 HIGH_CMD [0, 1]
1759888879.489 EKF_PRE (0.6452384964626741, -0.18049938054369377, 2.105534428301943)
1759888879.510 DRIVE_OUT <util.measure.Drive object at 0x000002287FA22D10>
1759888879.515 EKF_POST (0.6452384964626741, -0.18049938054369377, 2.27212576153398)
1759888879.615 HIGH_CMD [0, 1]
1759888879.673 EKF_PRE (0.6452384964626741, -0.18049938054369377, 2.27212576153398)
1759888879.705 DRIVE_OUT <util.measure.Drive object at 0x000002287EC90460>
1759888879.710 EKF_POST (0.6452384964626741, -0.18049938054369377, 2.4138347000031484)
1759888879.814 HIGH_CMD [0, 1]
1759888879.914 EKF_PRE (0.6452384964626741, -0.18049938054369377, 2.4138347000031484)
1759888879.939 DRIVE_OUT <util.measure.Drive object at 0x000002287FA21C00>
1759888879.943 EKF_POST (0.6452384964626741, -0.18049938054369377, 2.5843781148319485)
1759888880.082 HIGH_CMD [0, 1]
1759888880.140 EKF_PRE (0.6452384964626741, -0.18049938054369377, 2.5843781148319485)
1759888880.164 DRIVE_OUT <util.measure.Drive object at 0x00000227557D5030>
1759888880.170 EKF_POST (0.6452384964626741, -0.18049938054369377, 2.7490000149345875)
1759888880.281 HIGH_CMD [0, 1]
1759888880.343 EKF_PRE (0.6452384964626741, -0.18049938054369377, 2.7490000149345875)
1759888880.366 DRIVE_OUT <util.measure.Drive object at 0x000002287FA22D10>
1759888880.370 EKF_POST (0.6452384964626741, -0.18049938054369377, 2.8957598207982116)
1759888880.483 HIGH_CMD [0, 1]
1759888880.545 EKF_PRE (0.6452384964626741, -0.18049938054369377, 2.8957598207982116)
1759888880.579 DRIVE_OUT <util.measure.Drive object at 0x000002287FA23070>
1759888880.582 EKF_POST (0.6452384964626741, -0.18049938054369377, 3.0513737292148804)
1759888880.681 HIGH_CMD [0, 1]
1759888880.739 EKF_PRE (0.6452384964626741, -0.18049938054369377, 3.0513737292148804)
1759888880.762 DRIVE_OUT <util.measure.Drive object at 0x00000227557D5030>
1759888880.766 EKF_POST (0.6452384964626741, -0.18049938054369377, -3.098281194837943)
1759888880.882 HIGH_CMD [0, 1]
1759888880.948 EKF_PRE (0.6452384964626741, -0.18049938054369377, -3.098281194837943)
1759888880.973 DRIVE_OUT <util.measure.Drive object at 0x000002287FA23070>
1759888880.976 EKF_POST (0.6452384964626741, -0.18049938054369377, -2.9441028894511443)
1759888881.079 HIGH_CMD [0, 1]
1759888881.145 EKF_PRE (0.6452384964626741, -0.18049938054369377, -2.9441028894511443)
1759888881.169 DRIVE_OUT <util.measure.Drive object at 0x000002287FA22FB0>
1759888881.172 EKF_POST (0.6452384964626741, -0.18049938054369377, -2.801817866578154)
1759888881.287 HIGH_CMD [0, 1]
1759888881.345 EKF_PRE (0.6452384964626741, -0.18049938054369377, -2.801817866578154)
1759888881.372 DRIVE_OUT <util.measure.Drive object at 0x000002287EC92260>
1759888881.377 EKF_POST (0.6452384964626741, -0.18049938054369377, -2.653752350546011)
1759888881.481 HIGH_CMD [0, 1]
1759888881.541 EKF_PRE (0.6452384964626741, -0.18049938054369377, -2.653752350546011)
1759888881.565 DRIVE_OUT <util.measure.Drive object at 0x000002287FA22E30>
1759888881.568 EKF_POST (0.6452384964626741, -0.18049938054369377, -2.5137128918115548)
1759888881.680 HIGH_CMD [0, 1]
1759888881.745 EKF_PRE (0.6452384964626741, -0.18049938054369377, -2.5137128918115548)
1759888881.771 DRIVE_OUT <util.measure.Drive object at 0x000002287EC91B70>
1759888881.775 EKF_POST (0.6224039873969296, -0.19707431958151683, -2.5137128918115548)
1759888881.880 HIGH_CMD [1, 0]
1759888881.937 EKF_PRE (0.6224039873969296, -0.19707431958151683, -2.5137128918115548)
1759888881.974 DRIVE_OUT <util.measure.Drive object at 0x000002287FA22B60>
1759888881.978 EKF_POST (0.600001675168537, -0.2133355388800268, -2.5137128918115548)
1759888882.080 HIGH_CMD [1, 0]
1759888882.188 EKF_PRE (0.600001675168537, -0.2133355388800268, -2.5137128918115548)
1759888882.220 DRIVE_OUT <util.measure.Drive object at 0x000002287EC921D0>
1759888882.223 EKF_POST (0.57304196856396, -0.23290484480037246, -2.5137128918115548)
1759888882.350 HIGH_CMD [1, 0]
1759888882.420 EKF_PRE (0.57304196856396, -0.23290484480037246, -2.5137128918115548)
1759888882.451 DRIVE_OUT <util.measure.Drive object at 0x000002287FA23130>
1759888882.456 EKF_POST (0.5473871563688426, -0.25152696393315377, -2.5137128918115548)
1759888882.580 HIGH_CMD [1, 0]
1759888882.652 EKF_PRE (0.5473871563688426, -0.25152696393315377, -2.5137128918115548)
1759888882.677 DRIVE_OUT <util.measure.Drive object at 0x000002287EC921D0>
1759888882.682 EKF_POST (0.5224670025905701, -0.26961581482540636, -2.5137128918115548)
1759888882.780 HIGH_CMD [1, 0]
1759888882.842 EKF_PRE (0.5224670025905701, -0.26961581482540636, -2.5137128918115548)
1759888882.865 DRIVE_OUT <util.measure.Drive object at 0x00000227557D59F0>
1759888882.869 EKF_POST (0.5018365738879855, -0.2845908728432935, -2.5137128918115548)
1759888882.981 HIGH_CMD [1, 0]
1759888883.045 EKF_PRE (0.5018365738879855, -0.2845908728432935, -2.5137128918115548)
1759888883.069 DRIVE_OUT <util.measure.Drive object at 0x000002287FA21D50>
1759888883.074 EKF_POST (0.4792729137796549, -0.30096921010856836, -2.5137128918115548)
1759888883.180 HIGH_CMD [1, 0]
1759888883.253 EKF_PRE (0.4792729137796549, -0.30096921010856836, -2.5137128918115548)
1759888883.280 DRIVE_OUT <util.measure.Drive object at 0x00000227557D5030>
1759888883.286 EKF_POST (0.45608470072955115, -0.317800893093078, -2.5137128918115548)
1759888883.380 HIGH_CMD [1, 0]
1759888883.441 EKF_PRE (0.45608470072955115, -0.317800893093078, -2.5137128918115548)
1759888883.465 DRIVE_OUT <util.measure.Drive object at 0x000002287FA21C00>
1759888883.470 EKF_POST (0.4356467069658569, -0.3326362679072812, -2.5137128918115548)
1759888883.579 HIGH_CMD [1, 0]
1759888883.646 EKF_PRE (0.4356467069658569, -0.3326362679072812, -2.5137128918115548)
1759888883.667 DRIVE_OUT <util.measure.Drive object at 0x00000227557D5030>
1759888883.672 EKF_POST (0.41339289259895123, -0.3487896967122751, -2.5137128918115548)
1759888883.782 HIGH_CMD [1, 0]
1759888883.853 EKF_PRE (0.41339289259895123, -0.3487896967122751, -2.5137128918115548)
1759888883.880 DRIVE_OUT <util.measure.Drive object at 0x00000227557D59F0>
1759888883.884 EKF_POST (0.39009628215393793, -0.3657000623698964, -2.5137128918115548)
1759888884.017 HIGH_CMD [1, 0]
1759888884.077 EKF_PRE (0.39009628215393793, -0.3657000623698964, -2.5137128918115548)
1759888884.099 DRIVE_OUT <util.measure.Drive object at 0x00000227557D5030>
1759888884.103 EKF_POST (0.3658232279755798, -0.38331920154690696, -2.5137128918115548)
1759888884.211 HIGH_CMD [1, 0]
1759888884.275 EKF_PRE (0.3658232279755798, -0.38331920154690696, -2.5137128918115548)
1759888884.296 DRIVE_OUT <util.measure.Drive object at 0x000002287FA22230>
1759888884.301 EKF_POST (0.3440957913583547, -0.3990905472912709, -2.5137128918115548)
1759888884.410 HIGH_CMD [1, 0]
1759888884.525 EKF_PRE (0.3440957913583547, -0.3990905472912709, -2.5137128918115548)
1759888884.552 DRIVE_OUT <util.measure.Drive object at 0x000002287FA23070>
1759888884.557 EKF_POST (0.3158092480837726, -0.41962296727967746, -2.5137128918115548)
1759888884.747 HIGH_CMD [1, 0]
1759888884.814 EKF_PRE (0.3158092480837726, -0.41962296727967746, -2.5137128918115548)
1759888884.845 DRIVE_OUT <util.measure.Drive object at 0x00000227557D5030>
1759888884.849 EKF_POST (0.28358865457958743, -0.44301100560170625, -2.5137128918115548)
1759888884.979 HIGH_CMD [1, 0]
1759888885.044 EKF_PRE (0.28358865457958743, -0.44301100560170625, -2.5137128918115548)
1759888885.067 DRIVE_OUT <util.measure.Drive object at 0x000002287FA21C00>
1759888885.072 EKF_POST (0.25911338998817995, -0.4607769237289214, -2.5137128918115548)
1759888885.180 HIGH_CMD [1, 0]
1759888885.239 EKF_PRE (0.25911338998817995, -0.4607769237289214, -2.5137128918115548)
1759888885.266 DRIVE_OUT <util.measure.Drive object at 0x00000227557D5030>
1759888885.272 EKF_POST (0.2371348393089536, -0.4767305462306804, -2.5137128918115548)
1759888885.378 HIGH_CMD [1, 0]
1759888885.443 EKF_PRE (0.2371348393089536, -0.4767305462306804, -2.5137128918115548)
1759888885.468 DRIVE_OUT <util.measure.Drive object at 0x00000227557D59F0>
1759888885.471 EKF_POST (0.214891720151679, -0.49287621167859397, -2.5137128918115548)
1759888885.578 HIGH_CMD [1, 0]
1759888885.645 EKF_PRE (0.214891720151679, -0.49287621167859397, -2.5137128918115548)
1759888885.674 DRIVE_OUT <util.measure.Drive object at 0x00000227557D5030>
1759888885.678 EKF_POST (0.1921720991854604, -0.5093677566202124, -2.5137128918115548)
1759888885.814 HIGH_CMD [1, 0]
1759888885.877 EKF_PRE (0.1921720991854604, -0.5093677566202124, -2.5137128918115548)
1759888885.903 DRIVE_OUT <util.measure.Drive object at 0x00000227557D59F0>
1759888885.908 EKF_POST (0.16698025554877113, -0.5276538196718106, -2.5137128918115548)
1759888886.012 HIGH_CMD [1, 0]
1759888886.070 EKF_PRE (0.16698025554877113, -0.5276538196718106, -2.5137128918115548)
1759888886.094 DRIVE_OUT <util.measure.Drive object at 0x00000227557D5030>
1759888886.099 EKF_POST (0.14584899146447017, -0.5429924202513544, -2.5137128918115548)
1759888886.212 HIGH_CMD [1, 0]
1759888886.279 EKF_PRE (0.14584899146447017, -0.5429924202513544, -2.5137128918115548)
1759888886.302 DRIVE_OUT <util.measure.Drive object at 0x00000227557D59F0>
1759888886.306 EKF_POST (0.12297664185359361, -0.5595948266950637, -2.5137128918115548)
1759888886.411 HIGH_CMD [1, 0]
1759888886.522 EKF_PRE (0.12297664185359361, -0.5595948266950637, -2.5137128918115548)
1759888886.547 DRIVE_OUT <util.measure.Drive object at 0x00000227557D5030>
1759888886.551 EKF_POST (0.09598768766100824, -0.5791853626312089, -2.5137128918115548)
1759888886.679 HIGH_CMD [1, 0]
1759888886.735 EKF_PRE (0.09598768766100824, -0.5791853626312089, -2.5137128918115548)
1759888886.758 DRIVE_OUT <util.measure.Drive object at 0x000002287EC92DA0>
1759888886.762 EKF_POST (0.07275385573149527, -0.5960501590994814, -2.5137128918115548)
1759888886.881 HIGH_CMD [1, 0]
1759888886.937 EKF_PRE (0.07275385573149527, -0.5960501590994814, -2.5137128918115548)
1759888886.962 DRIVE_OUT <util.measure.Drive object at 0x00000227557D5030>
1759888886.965 EKF_POST (0.05035961089709959, -0.6123055224996532, -2.5137128918115548)
1759888887.077 HIGH_CMD [1, 0]
1759888887.137 EKF_PRE (0.05035961089709959, -0.6123055224996532, -2.5137128918115548)
1759888887.160 DRIVE_OUT <util.measure.Drive object at 0x00000227557D59F0>
1759888887.165 EKF_POST (0.028403974770203195, -0.6282425119611811, -2.5137128918115548)
1759888887.282 HIGH_CMD [1, 0]
1759888887.349 EKF_PRE (0.028403974770203195, -0.6282425119611811, -2.5137128918115548)
1759888887.377 DRIVE_OUT <util.measure.Drive object at 0x00000227557D5030>
1759888887.381 EKF_POST (0.004453774020659183, -0.6456273007571374, -2.5137128918115548)
1759888887.511 HIGH_CMD [1, 0]
1759888887.565 EKF_PRE (0.004453774020659183, -0.6456273007571374, -2.5137128918115548)
1759888887.588 DRIVE_OUT <util.measure.Drive object at 0x00000227557D59F0>
1759888887.593 EKF_POST (-0.01875238701022597, -0.6624720116848556, -2.5137128918115548)
1759888887.711 HIGH_CMD [1, 0]
1759888887.771 EKF_PRE (-0.01875238701022597, -0.6624720116848556, -2.5137128918115548)
1759888887.795 DRIVE_OUT <util.measure.Drive object at 0x00000227557D5030>
1759888887.800 EKF_POST (-0.0415420392630952, -0.679014390401951, -2.5137128918115548)
1759888887.911 HIGH_CMD [0, 0]
1759888887.965 EKF_PRE (-0.0415420392630952, -0.679014390401951, -2.5137128918115548)
1759888887.993 DRIVE_OUT <util.measure.Drive object at 0x00000227557D59F0>
1759888887.997 EKF_POST (-0.0415420392630952, -0.679014390401951, -2.368965295039701)
1759888888.110 HIGH_CMD [0, 1]
1759888888.180 EKF_PRE (-0.0415420392630952, -0.679014390401951, -2.368965295039701)
1759888888.210 DRIVE_OUT <util.measure.Drive object at 0x00000227557D5030>
1759888888.214 EKF_POST (-0.0415420392630952, -0.679014390401951, -2.210500003570246)
1759888888.343 HIGH_CMD [0, 1]
1759888888.396 EKF_PRE (-0.0415420392630952, -0.679014390401951, -2.210500003570246)
1759888888.422 DRIVE_OUT <util.measure.Drive object at 0x00000227557D59F0>
1759888888.426 EKF_POST (-0.0415420392630952, -0.679014390401951, -2.056143291120869)
1759888888.542 HIGH_CMD [0, 1]
1759888888.602 EKF_PRE (-0.0415420392630952, -0.679014390401951, -2.056143291120869)
1759888888.628 DRIVE_OUT <util.measure.Drive object at 0x00000227557D5030>
1759888888.631 EKF_POST (-0.0415420392630952, -0.679014390401951, -1.9059594955211543)
1759888888.744 HIGH_CMD [0, 1]
1759888888.870 EKF_PRE (-0.0415420392630952, -0.679014390401951, -1.9059594955211543)
1759888888.895 DRIVE_OUT <util.measure.Drive object at 0x00000227557D59F0>
1759888888.899 EKF_POST (-0.0415420392630952, -0.679014390401951, -1.7121878636939176)
1759888889.044 HIGH_CMD [0, 1]
1759888889.100 EKF_PRE (-0.0415420392630952, -0.679014390401951, -1.7121878636939176)
1759888889.125 DRIVE_OUT <util.measure.Drive object at 0x00000227557D5030>
1759888889.128 EKF_POST (-0.0415420392630952, -0.679014390401951, -1.5435154625038527)
1759888889.279 HIGH_CMD [0, 1]
1759888889.344 EKF_PRE (-0.0415420392630952, -0.679014390401951, -1.5435154625038527)
1759888889.368 DRIVE_OUT <util.measure.Drive object at 0x00000227557D59F0>
1759888889.371 EKF_POST (-0.0415420392630952, -0.679014390401951, -1.3664650586996703)
1759888889.511 HIGH_CMD [0, 1]
1759888889.570 EKF_PRE (-0.0415420392630952, -0.679014390401951, -1.3664650586996703)
1759888889.594 DRIVE_OUT <util.measure.Drive object at 0x00000227557D5030>
1759888889.597 EKF_POST (-0.0415420392630952, -0.679014390401951, -1.201648232361992)
1759888889.711 HIGH_CMD [0, 1]
1759888889.766 EKF_PRE (-0.0415420392630952, -0.679014390401951, -1.201648232361992)
1759888889.790 DRIVE_OUT <util.measure.Drive object at 0x00000227557D59F0>
1759888889.795 EKF_POST (-0.0415420392630952, -0.679014390401951, -1.0584155306478205)
1759888889.917 HIGH_CMD [0, 1]
1759888889.989 EKF_PRE (-0.0415420392630952, -0.679014390401951, -1.0584155306478205)
1759888890.013 DRIVE_OUT <util.measure.Drive object at 0x00000227557D5030>
1759888890.017 EKF_POST (-0.0415420392630952, -0.679014390401951, -0.8959256471087995)
1759888890.140 HIGH_CMD [0, 1]
1759888890.200 EKF_PRE (-0.0415420392630952, -0.679014390401951, -0.8959256471087995)
1759888890.215 DRIVE_OUT <util.measure.Drive object at 0x00000227557D59F0>
1759888890.218 EKF_POST (-0.0415420392630952, -0.679014390401951, -0.7485459375628252)
1759888890.338 HIGH_CMD [0, 1]
1759888890.396 EKF_PRE (-0.0415420392630952, -0.679014390401951, -0.7485459375628252)
1759888890.415 DRIVE_OUT <util.measure.Drive object at 0x00000227557D5030>
1759888890.419 EKF_POST (-0.0415420392630952, -0.679014390401951, -0.6026694727107977)
1759888890.538 HIGH_CMD [0, 1]
1759888890.601 EKF_PRE (-0.0415420392630952, -0.679014390401951, -0.6026694727107977)
1759888890.617 DRIVE_OUT <util.measure.Drive object at 0x00000227557D59F0>
1759888890.621 EKF_POST (-0.018929062065911165, -0.6945735408210302, -0.6026694727107977)
1759888890.739 HIGH_CMD [0, 0]
1759888890.806 EKF_PRE (-0.018929062065911165, -0.6945735408210302, -0.6026694727107977)
1759888890.827 DRIVE_OUT <util.measure.Drive object at 0x00000227557D5030>
1759888890.831 EKF_POST (-0.018929062065911165, -0.6945735408210302, -0.6026694727107977)
1759888890.938 HIGH_CMD [0, 0]
1759888890.999 EKF_PRE (-0.018929062065911165, -0.6945735408210302, -0.6026694727107977)
1759888891.019 DRIVE_OUT <util.measure.Drive object at 0x00000227557D59F0>
1759888891.022 EKF_POST (-0.018929062065911165, -0.6945735408210302, -0.6026694727107977)
1759888891.138 HIGH_CMD [0, 0]
1759888891.265 EKF_PRE (-0.018929062065911165, -0.6945735408210302, -0.6026694727107977)
1759888891.287 DRIVE_OUT <util.measure.Drive object at 0x00000227557D5030>
1759888891.291 EKF_POST (-0.018929062065911165, -0.6945735408210302, -0.6026694727107977)
1759888891.406 HIGH_CMD [0, 0]
1759888891.462 EKF_PRE (-0.018929062065911165, -0.6945735408210302, -0.6026694727107977)
1759888891.480 DRIVE_OUT <util.measure.Drive object at 0x00000227557D59F0>
1759888891.485 EKF_POST (-0.018929062065911165, -0.6945735408210302, -0.6026694727107977)
1759888891.605 HIGH_CMD [0, 0]
1759888891.666 EKF_PRE (-0.018929062065911165, -0.6945735408210302, -0.6026694727107977)
1759888891.685 DRIVE_OUT <util.measure.Drive object at 0x00000227557D5030>
1759888891.689 EKF_POST (-0.018929062065911165, -0.6945735408210302, -0.6026694727107977)
1759888891.806 HIGH_CMD [0, 0]
1759888891.863 EKF_PRE (-0.018929062065911165, -0.6945735408210302, -0.6026694727107977)
1759888891.884 DRIVE_OUT <util.measure.Drive object at 0x00000227557D59F0>
1759888891.889 EKF_POST (-0.018929062065911165, -0.6945735408210302, -0.6026694727107977)
1759888892.004 HIGH_CMD [0, 0]
1759888892.059 EKF_PRE (-0.018929062065911165, -0.6945735408210302, -0.6026694727107977)
1759888892.082 DRIVE_OUT <util.measure.Drive object at 0x00000227557D5030>
1759888892.087 EKF_POST (-0.018929062065911165, -0.6945735408210302, -0.6026694727107977)
1759888892.204 HIGH_CMD [0, 0]
1759888892.267 EKF_PRE (-0.018929062065911165, -0.6945735408210302, -0.6026694727107977)
1759888892.286 DRIVE_OUT <util.measure.Drive object at 0x00000227557D59F0>
1759888892.292 EKF_POST (-0.018929062065911165, -0.6945735408210302, -0.6026694727107977)
1759888892.404 HIGH_CMD [0, 0]
1759888892.459 EKF_PRE (-0.018929062065911165, -0.6945735408210302, -0.6026694727107977)
1759888892.481 DRIVE_OUT <util.measure.Drive object at 0x00000227557D5030>
1759888892.486 EKF_POST (-0.018929062065911165, -0.6945735408210302, -0.6026694727107977)
1759888892.605 HIGH_CMD [0, 0]
1759888892.660 EKF_PRE (-0.018929062065911165, -0.6945735408210302, -0.6026694727107977)
1759888892.679 DRIVE_OUT <util.measure.Drive object at 0x00000227557D59F0>
1759888892.685 EKF_POST (-0.018929062065911165, -0.6945735408210302, -0.6026694727107977)
1759888892.804 HIGH_CMD [0, 0]
1759888892.865 EKF_PRE (-0.018929062065911165, -0.6945735408210302, -0.6026694727107977)
1759888892.886 DRIVE_OUT <util.measure.Drive object at 0x00000227557D5030>
1759888892.891 EKF_POST (-0.018929062065911165, -0.6945735408210302, -0.6026694727107977)
1759888893.004 HIGH_CMD [0, 0]
1759888893.068 EKF_PRE (-0.018929062065911165, -0.6945735408210302, -0.6026694727107977)
1759888893.090 DRIVE_OUT <util.measure.Drive object at 0x00000227557D59F0>
1759888893.094 EKF_POST (-0.018929062065911165, -0.6945735408210302, -0.6026694727107977)
1759888893.203 HIGH_CMD [0, 0]
1759888893.265 EKF_PRE (-0.018929062065911165, -0.6945735408210302, -0.6026694727107977)
1759888893.286 DRIVE_OUT <util.measure.Drive object at 0x00000227557D5030>
1759888893.291 EKF_POST (-0.018929062065911165, -0.6945735408210302, -0.6026694727107977)
1759888893.404 HIGH_CMD [0, 0]
1759888893.536 EKF_PRE (-0.018929062065911165, -0.6945735408210302, -0.6026694727107977)
1759888893.556 DRIVE_OUT <util.measure.Drive object at 0x00000227557D59F0>
1759888893.560 EKF_POST (-0.018929062065911165, -0.6945735408210302, -0.6026694727107977)
1759888893.705 HIGH_CMD [0, 0]
1759888893.769 EKF_PRE (-0.018929062065911165, -0.6945735408210302, -0.6026694727107977)
1759888893.788 DRIVE_OUT <util.measure.Drive object at 0x00000227557D5030>
1759888893.793 EKF_POST (-0.018929062065911165, -0.6945735408210302, -0.6026694727107977)
1759888893.904 HIGH_CMD [0, 0]
1759888893.965 EKF_PRE (-0.018929062065911165, -0.6945735408210302, -0.6026694727107977)
1759888893.981 DRIVE_OUT <util.measure.Drive object at 0x000002287EC92260>
1759888893.986 EKF_POST (-0.018929062065911165, -0.6945735408210302, -0.6026694727107977)
1759888894.104 HIGH_CMD [0, 0]
1759888894.168 EKF_PRE (-0.018929062065911165, -0.6945735408210302, -0.6026694727107977)
1759888894.186 DRIVE_OUT <util.measure.Drive object at 0x00000227557D5030>
1759888894.190 EKF_POST (-0.018929062065911165, -0.6945735408210302, -0.6026694727107977)
1759888894.303 HIGH_CMD [0, 0]
1759888894.365 EKF_PRE (-0.018929062065911165, -0.6945735408210302, -0.6026694727107977)
1759888894.383 DRIVE_OUT <util.measure.Drive object at 0x00000227557D59F0>
1759888894.387 EKF_POST (-0.018929062065911165, -0.6945735408210302, -0.6026694727107977)
1759888894.504 HIGH_CMD [0, 0]
1759888894.561 EKF_PRE (-0.018929062065911165, -0.6945735408210302, -0.6026694727107977)
1759888894.584 DRIVE_OUT <util.measure.Drive object at 0x000002287FA21BA0>
1759888894.589 EKF_POST (-0.018929062065911165, -0.6945735408210302, -0.6026694727107977)
1759888894.703 HIGH_CMD [0, 0]
1759888894.762 EKF_PRE (-0.018929062065911165, -0.6945735408210302, -0.6026694727107977)
1759888894.780 DRIVE_OUT <util.measure.Drive object at 0x000002287EC91B70>
1759888894.783 EKF_POST (-0.018929062065911165, -0.6945735408210302, -0.6026694727107977)
1759888894.904 HIGH_CMD [0, 0]
1759888894.969 EKF_PRE (-0.018929062065911165, -0.6945735408210302, -0.6026694727107977)
1759888894.994 DRIVE_OUT <util.measure.Drive object at 0x000002287FA239D0>
1759888894.999 EKF_POST (-0.018929062065911165, -0.6945735408210302, -0.6026694727107977)
1759888895.108 HIGH_CMD [0, 0]
1759888895.170 EKF_PRE (-0.018929062065911165, -0.6945735408210302, -0.6026694727107977)
1759888895.191 DRIVE_OUT <util.measure.Drive object at 0x00000227557D59F0>
1759888895.196 EKF_POST (-0.018929062065911165, -0.6945735408210302, -0.6026694727107977)
1759888895.309 HIGH_CMD [0, 0]
1759888895.367 EKF_PRE (-0.018929062065911165, -0.6945735408210302, -0.6026694727107977)
1759888895.393 DRIVE_OUT <util.measure.Drive object at 0x00000227557D5030>
1759888895.398 EKF_POST (-0.018929062065911165, -0.6945735408210302, -0.6026694727107977)
